
> regen@0.3.0 test
> vitest run


[1m[46m RUN [49m[22m [36mv4.0.14 [39m[90mC:/Users/Nrb/Omnibrowser[39m

[90mstdout[2m | src/utils/__tests__/layer5-sync.test.ts[2m > [22m[2mRealtimeSyncEngine[2m > [22m[2minitialization[2m > [22m[2mshould initialize with default state
[22m[39m[SyncEngine] Stopped

[90mstdout[2m | src/utils/layer5-sync.test.ts[2m > [22m[2mChangeTracker[2m > [22m[2mshould record changes with deterministic IDs
[22m[39m[ChangeTracker] Recorded create for tab:tab-1
[ChangeTracker] Recorded create for tab:tab-1

[90mstdout[2m | src/utils/layer5-sync.test.ts[2m > [22m[2mChangeTracker[2m > [22m[2mshould increment vector clock on changes
[22m[39m[ChangeTracker] Recorded create for tab:tab-1

[90mstdout[2m | src/utils/layer5-sync.test.ts[2m > [22m[2mChangeTracker[2m > [22m[2mshould retrieve version history
[22m[39m[ChangeTracker] Recorded create for tab:tab-1
[ChangeTracker] Recorded update for tab:tab-1
[ChangeTracker] Recorded update for tab:tab-1

[90mstdout[2m | src/utils/__tests__/layer5-sync.test.ts[2m > [22m[2mRealtimeSyncEngine[2m > [22m[2minitialization[2m > [22m[2mshould track online status on initialization
[22m[39m[SyncEngine] Stopped

[90mstdout[2m | src/utils/layer5-sync.test.ts[2m > [22m[2mChangeTracker[2m > [22m[2mshould track pending changes
[22m[39m[ChangeTracker] Recorded create for tab:tab-1
[ChangeTracker] Recorded create for tab:tab-2

[90mstdout[2m | src/utils/__tests__/layer5-sync.test.ts[2m > [22m[2mRealtimeSyncEngine[2m > [22m[2minitialization[2m > [22m[2mshould track online status on initialization
[22m[39m[SyncEngine] Stopped

[90mstdout[2m | src/utils/__tests__/layer5-sync.test.ts[2m > [22m[2mRealtimeSyncEngine[2m > [22m[2msync operation[2m > [22m[2mshould increment syncCount on each sync
[22m[39m[SyncEngine] Stopped

[90mstdout[2m | src/utils/__tests__/layer5-sync.test.ts[2m > [22m[2mRealtimeSyncEngine[2m > [22m[2msync operation[2m > [22m[2mshould update lastSync on sync
[22m[39m[SyncEngine] Stopped

[90mstdout[2m | src/utils/__tests__/layer5-sync.test.ts[2m > [22m[2mRealtimeSyncEngine[2m > [22m[2msync operation[2m > [22m[2mshould set status to syncing during sync
[22m[39m[SyncEngine] Stopped

[90mstdout[2m | src/utils/__tests__/layer5-sync.test.ts[2m > [22m[2mRealtimeSyncEngine[2m > [22m[2msync operation[2m > [22m[2mshould not sync when offline
[22m[39m[SyncEngine] Offline, skipping sync

[90mstdout[2m | src/utils/__tests__/layer5-sync.test.ts[2m > [22m[2mRealtimeSyncEngine[2m > [22m[2msync operation[2m > [22m[2mshould not sync when offline
[22m[39m[SyncEngine] Stopped

[90mstdout[2m | src/utils/__tests__/layer5-sync.test.ts[2m > [22m[2mRealtimeSyncEngine[2m > [22m[2mevent listeners[2m > [22m[2mshould emit state changes to listeners
[22m[39m[SyncEngine] Stopped

[90mstdout[2m | src/utils/layer5-sync.test.ts[2m > [22m[2mRealtimeSyncEngine[2m > [22m[2mshould initialize with default state
[22m[39m[SyncEngine] Stopped

[90mstdout[2m | src/utils/__tests__/layer5-sync.test.ts[2m > [22m[2mRealtimeSyncEngine[2m > [22m[2mevent listeners[2m > [22m[2mshould handle multiple listeners
[22m[39m[SyncEngine] Stopped

[90mstdout[2m | src/utils/layer5-sync.test.ts[2m > [22m[2mRealtimeSyncEngine[2m > [22m[2mshould start and stop sync
[22m[39m[SyncEngine] Starting real-time sync
[SyncEngine] Stopped

[90mstdout[2m | src/utils/layer5-sync.test.ts[2m > [22m[2mRealtimeSyncEngine[2m > [22m[2mshould start and stop sync
[22m[39m[SyncEngine] Stopped

[90mstdout[2m | src/utils/layer5-sync.test.ts[2m > [22m[2mRealtimeSyncEngine[2m > [22m[2mshould subscribe to sync state changes
[22m[39m[SyncEngine] Starting real-time sync
[SyncEngine] Stopped

[90mstdout[2m | src/utils/__tests__/layer5-sync.test.ts[2m > [22m[2mRealtimeSyncEngine[2m > [22m[2mevent listeners[2m > [22m[2mshould support unsubscribing listeners
[22m[39m[SyncEngine] Stopped

[90mstdout[2m | src/utils/layer5-sync.test.ts[2m > [22m[2mRealtimeSyncEngine[2m > [22m[2mshould subscribe to sync state changes
[22m[39m[SyncEngine] Stopped

[90mstdout[2m | src/utils/layer5-sync.test.ts[2m > [22m[2mRealtimeSyncEngine[2m > [22m[2mshould perform sync with pending changes
[22m[39m[ChangeTracker] Recorded create for tab:tab-1
[SyncEngine] Syncing 1 changes

[90mstdout[2m | src/utils/layer5-sync.test.ts[2m > [22m[2mRealtimeSyncEngine[2m > [22m[2mshould perform sync with pending changes
[22m[39m[SyncEngine] Sync completed successfully

[90mstdout[2m | src/utils/__tests__/layer5-sync.test.ts[2m > [22m[2mRealtimeSyncEngine[2m > [22m[2mstart and stop[2m > [22m[2mshould start periodic sync
[22m[39m[SyncEngine] Starting real-time sync
[SyncEngine] Stopped

[90mstdout[2m | src/utils/__tests__/layer5-sync.test.ts[2m > [22m[2mRealtimeSyncEngine[2m > [22m[2mstart and stop[2m > [22m[2mshould start periodic sync
[22m[39m[SyncEngine] Stopped

[90mstdout[2m | src/utils/__tests__/layer5-sync.test.ts[2m > [22m[2mRealtimeSyncEngine[2m > [22m[2mstart and stop[2m > [22m[2mshould emit initial state on start
[22m[39m[SyncEngine] Starting real-time sync

[90mstdout[2m | src/utils/layer5-sync.test.ts[2m > [22m[2mRealtimeSyncEngine[2m > [22m[2mshould perform sync with pending changes
[22m[39m[SyncEngine] Stopped

[90mstdout[2m | src/utils/__tests__/layer5-sync.test.ts[2m > [22m[2mRealtimeSyncEngine[2m > [22m[2mstart and stop[2m > [22m[2mshould emit initial state on start
[22m[39m[SyncEngine] Stopped

[90mstdout[2m | src/utils/layer5-sync.test.ts[2m > [22m[2mRealtimeSyncEngine[2m > [22m[2mshould handle sync errors
[22m[39m[ChangeTracker] Recorded create for tab:tab-error
[SyncEngine] Syncing 1 changes

[90mstdout[2m | src/utils/__tests__/layer5-sync.test.ts[2m > [22m[2mRealtimeSyncEngine[2m > [22m[2mstart and stop[2m > [22m[2mshould handle online event
[22m[39m[SyncEngine] Starting real-time sync
[SyncEngine] Stopped

[90mstdout[2m | src/utils/__tests__/layer5-sync.test.ts[2m > [22m[2mRealtimeSyncEngine[2m > [22m[2mstart and stop[2m > [22m[2mshould handle online event
[22m[39m[SyncEngine] Stopped

[90mstdout[2m | src/utils/__tests__/layer5-sync.test.ts[2m > [22m[2mRealtimeSyncEngine[2m > [22m[2mstart and stop[2m > [22m[2mshould handle offline event
[22m[39m[SyncEngine] Starting real-time sync
[SyncEngine] Stopped

[90mstdout[2m | src/utils/__tests__/layer5-sync.test.ts[2m > [22m[2mRealtimeSyncEngine[2m > [22m[2mstart and stop[2m > [22m[2mshould handle offline event
[22m[39m[SyncEngine] Stopped

[90mstdout[2m | src/utils/__tests__/layer5-sync.test.ts[2m > [22m[2mRealtimeSyncEngine[2m > [22m[2mstart and stop[2m > [22m[2mshould clear interval on stop
[22m[39m[SyncEngine] Starting real-time sync
[SyncEngine] Stopped

[90mstdout[2m | src/utils/__tests__/layer5-sync.test.ts[2m > [22m[2mRealtimeSyncEngine[2m > [22m[2mstart and stop[2m > [22m[2mshould clear interval on stop
[22m[39m[SyncEngine] Stopped

[90mstdout[2m | src/utils/__tests__/layer5-sync.test.ts[2m > [22m[2mRealtimeSyncEngine[2m > [22m[2merror handling[2m > [22m[2mshould store error in state when sync fails
[22m[39m[SyncEngine] Stopped

node.exe : [90mstderr[2m | src/utils/layer5-sync.test.ts[2m > [22m[2mRealtimeSyncEngine[2m > 
[22m[2mshould handle sync errors
At line:1 char:1
+ & "C:\Program Files\nodejs/node.exe" "C:\Program Files\nodejs/node_mo ...
+ ~~~~~~~~~~~~~~~~~~~~~~~~~~~~~~~~~~~~~~~~~~~~~~~~~~~~~~~~~~~~~~~~~~~~~
    + CategoryInfo          : NotSpecified: ([90mstderr[2m...dle sync errors:String) [], RemoteExcepti 
   on
    + FullyQualifiedErrorId : NativeCommandError
 
[22m[39m[SyncEngine] Sync failed: Error: Network error
    at C:/Users/Nrb/Omnibrowser/src/utils/layer5-sync.test.ts:361:49
    at 
[90mfile:///C:/Users/Nrb/Omnibrowser/[39mnode_modules/[4m@vitest[24m/runner/dist/index.js:145:11
    at 
[90mfile:///C:/Users/Nrb/Omnibrowser/[39mnode_modules/[4m@vitest[24m/runner/dist/index.js:919:26
    at 
[90mfile:///C:/Users/Nrb/Omnibrowser/[39mnode_modules/[4m@vitest[24m/runner/dist/index.js:1244:20
    at new Promise (<anonymous>)
    at runWithTimeout [90m(file:///C:/Users/Nrb/Omnibrowser/[39mnode_modules/[4m@vitest[24m/runner/di
st/index.js:1210:10[90m)[39m
    at 
[90mfile:///C:/Users/Nrb/Omnibrowser/[39mnode_modules/[4m@vitest[24m/runner/dist/index.js:1654:37
    at Traces.$ [90m(file:///C:/Users/Nrb/Omnibrowser/[39mnode_modules/[4mvitest[24m/dist/chunks/trac
es.U4xDYhzZ.js:115:27[90m)[39m
    at trace [90m(file:///C:/Users/Nrb/Omnibrowser/[39mnode_modules/[4mvitest[24m/dist/chunks/test.Dq
QZzsWf.js:234:21[90m)[39m
    at runTest [90m(file:///C:/Users/Nrb/Omnibrowser/[39mnode_modules/[4m@vitest[24m/runner/dist/inde
x.js:1654:12[90m)[39m

[90mstdout[2m | src/utils/__tests__/layer5-sync.test.ts[2m > [22m[2mRealtimeSyncEngine[2m > [22m[2merror handling[2m > [22m[2mshould recover after error
[22m[39m[SyncEngine] Stopped

[90mstdout[2m | src/utils/layer5-sync.test.ts[2m > [22m[2mRealtimeSyncEngine[2m > [22m[2mshould handle sync errors
[22m[39m[SyncEngine] Stopped

[90mstdout[2m | src/utils/__tests__/layer5-sync.test.ts[2m > [22m[2mRealtimeSyncEngine[2m > [22m[2mconcurrent operations[2m > [22m[2mshould handle multiple sync calls
[22m[39m[SyncEngine] Stopped

[90mstdout[2m | src/utils/layer5-sync.test.ts[2m > [22m[2mRealtimeSyncEngine[2m > [22m[2mshould track sync count
[22m[39m[SyncEngine] Stopped

[90mstdout[2m | src/utils/__tests__/layer5-sync.test.ts[2m > [22m[2mRealtimeSyncEngine[2m > [22m[2mconcurrent operations[2m > [22m[2mshould maintain state consistency
[22m[39m[SyncEngine] Stopped

[90mstdout[2m | src/utils/layer5-sync.test.ts[2m > [22m[2mRealtimeSyncEngine[2m > [22m[2mshould resolve conflicts
[22m[39m[ChangeTracker] Recorded create for tab:tab-conflict
[SyncEngine] Syncing 1 changes

[90mstdout[2m | src/utils/__tests__/layer5-sync.test.ts[2m > [22m[2mRealtimeSyncEngine[2m > [22m[2mstate management[2m > [22m[2mshould merge state updates
[22m[39m[SyncEngine] Stopped

[90mstderr[2m | src/utils/layer5-sync.test.ts[2m > [22m[2mRealtimeSyncEngine[2m > [22m[2mshould 
resolve conflicts
[22m[39m[SyncEngine] 1 conflicts detected

[90mstdout[2m | src/utils/__tests__/layer5-sync.test.ts[2m > [22m[2mRealtimeSyncEngine[2m > [22m[2mstate management[2m > [22m[2mshould not mutate state directly
[22m[39m[SyncEngine] Stopped

[90mstdout[2m | src/utils/layer5-sync.test.ts[2m > [22m[2mRealtimeSyncEngine[2m > [22m[2mshould resolve conflicts
[22m[39m[SyncEngine] Stopped

[90mstdout[2m | src/utils/layer5-sync.test.ts[2m > [22m[2mRealtimeSyncEngine[2m > [22m[2mshould handle online/offline transitions
[22m[39m[SyncEngine] Starting real-time sync
[SyncEngine] Stopped

[90mstdout[2m | src/utils/layer5-sync.test.ts[2m > [22m[2mRealtimeSyncEngine[2m > [22m[2mshould handle online/offline transitions
[22m[39m[SyncEngine] Stopped

 [32mΓ£ô[39m src/utils/__tests__/layer5-sync.test.ts [2m([22m[2m20 tests[22m[2m)[22m[32m 61[2mms[22m[39m
[90mstdout[2m | src/utils/layer5-sync.test.ts[2m > [22m[2mChange Tracking Integration[2m > [22m[2mshould handle complex multi-user scenario
[22m[39m[ChangeTracker] Recorded create for tab:tab-1
[ChangeTracker] Recorded update for tab:tab-1

[90mstdout[2m | src/utils/layer5-sync.test.ts[2m > [22m[2mChange Tracking Integration[2m > [22m[2mshould maintain causal ordering with vector clocks
[22m[39m[ChangeTracker] Recorded create for tab:tab-1
[ChangeTracker] Recorded create for tab:tab-2

[90mstdout[2m | src/utils/layer5-sync.test.ts[2m > [22m[2mChange Tracking Integration[2m > [22m[2mshould snapshot and restore state
[22m[39m[ChangeTracker] Recorded create for tab:tab-1
[ChangeTracker] Recorded update for tab:tab-1

[90mstdout[2m | src/utils/layer5-sync.test.ts[2m > [22m[2mPerformance[2m > [22m[2mshould record changes in <1ms
[22m[39m[ChangeTracker] Recorded create for tab:tab-0
[ChangeTracker] Recorded create for tab:tab-1
[ChangeTracker] Recorded create for tab:tab-2
[ChangeTracker] Recorded create for tab:tab-3
[ChangeTracker] Recorded create for tab:tab-4
[ChangeTracker] Recorded create for tab:tab-5
[ChangeTracker] Recorded create for tab:tab-6
[ChangeTracker] Recorded create for tab:tab-7
[ChangeTracker] Recorded create for tab:tab-8
[ChangeTracker] Recorded create for tab:tab-9
[ChangeTracker] Recorded create for tab:tab-10
[ChangeTracker] Recorded create for tab:tab-11
[ChangeTracker] Recorded create for tab:tab-12
[ChangeTracker] Recorded create for tab:tab-13
[ChangeTracker] Recorded create for tab:tab-14
[ChangeTracker] Recorded create for tab:tab-15
[ChangeTracker] Recorded create for tab:tab-16
[ChangeTracker] Recorded create for tab:tab-17
[ChangeTracker] Recorded create for tab:tab-18
[ChangeTracker] Recorded create for tab:tab-19
[ChangeTracker] Recorded create for tab:tab-20
[ChangeTracker] Recorded create for tab:tab-21
[ChangeTracker] Recorded create for tab:tab-22
[ChangeTracker] Recorded create for tab:tab-23
[ChangeTracker] Recorded create for tab:tab-24
[ChangeTracker] Recorded create for tab:tab-25
[ChangeTracker] Recorded create for tab:tab-26
[ChangeTracker] Recorded create for tab:tab-27
[ChangeTracker] Recorded create for tab:tab-28
[ChangeTracker] Recorded create for tab:tab-29
[ChangeTracker] Recorded create for tab:tab-30
[ChangeTracker] Recorded create for tab:tab-31
[ChangeTracker] Recorded create for tab:tab-32
[ChangeTracker] Recorded create for tab:tab-33
[ChangeTracker] Recorded create for tab:tab-34
[ChangeTracker] Recorded create for tab:tab-35
[ChangeTracker] Recorded create for tab:tab-36
[ChangeTracker] Recorded create for tab:tab-37
[ChangeTracker] Recorded create for tab:tab-38
[ChangeTracker] Recorded create for tab:tab-39
[ChangeTracker] Recorded create for tab:tab-40
[ChangeTracker] Recorded create for tab:tab-41
[ChangeTracker] Recorded create for tab:tab-42
[ChangeTracker] Recorded create for tab:tab-43
[ChangeTracker] Recorded create for tab:tab-44
[ChangeTracker] Recorded create for tab:tab-45
[ChangeTracker] Recorded create for tab:tab-46
[ChangeTracker] Recorded create for tab:tab-47
[ChangeTracker] Recorded create for tab:tab-48
[ChangeTracker] Recorded create for tab:tab-49
[ChangeTracker] Recorded create for tab:tab-50
[ChangeTracker] Recorded create for tab:tab-51
[ChangeTracker] Recorded create for tab:tab-52
[ChangeTracker] Recorded create for tab:tab-53
[ChangeTracker] Recorded create for tab:tab-54
[ChangeTracker] Recorded create for tab:tab-55
[ChangeTracker] Recorded create for tab:tab-56
[ChangeTracker] Recorded create for tab:tab-57
[ChangeTracker] Recorded create for tab:tab-58
[ChangeTracker] Recorded create for tab:tab-59
[ChangeTracker] Recorded create for tab:tab-60
[ChangeTracker] Recorded create for tab:tab-61
[ChangeTracker] Recorded create for tab:tab-62
[ChangeTracker] Recorded create for tab:tab-63
[ChangeTracker] Recorded create for tab:tab-64
[ChangeTracker] Recorded create for tab:tab-65
[ChangeTracker] Recorded create for tab:tab-66
[ChangeTracker] Recorded create for tab:tab-67
[ChangeTracker] Recorded create for tab:tab-68
[ChangeTracker] Recorded create for tab:tab-69
[ChangeTracker] Recorded create for tab:tab-70
[ChangeTracker] Recorded create for tab:tab-71
[ChangeTracker] Recorded create for tab:tab-72
[ChangeTracker] Recorded create for tab:tab-73
[ChangeTracker] Recorded create for tab:tab-74
[ChangeTracker] Recorded create for tab:tab-75
[ChangeTracker] Recorded create for tab:tab-76
[ChangeTracker] Recorded create for tab:tab-77
[ChangeTracker] Recorded create for tab:tab-78
[ChangeTracker] Recorded create for tab:tab-79
[ChangeTracker] Recorded create for tab:tab-80
[ChangeTracker] Recorded create for tab:tab-81
[ChangeTracker] Recorded create for tab:tab-82
[ChangeTracker] Recorded create for tab:tab-83
[ChangeTracker] Recorded create for tab:tab-84
[ChangeTracker] Recorded create for tab:tab-85
[ChangeTracker] Recorded create for tab:tab-86
[ChangeTracker] Recorded create for tab:tab-87
[ChangeTracker] Recorded create for tab:tab-88
[ChangeTracker] Recorded create for tab:tab-89
[ChangeTracker] Recorded create for tab:tab-90
[ChangeTracker] Recorded create for tab:tab-91
[ChangeTracker] Recorded create for tab:tab-92
[ChangeTracker] Recorded create for tab:tab-93
[ChangeTracker] Recorded create for tab:tab-94
[ChangeTracker] Recorded create for tab:tab-95
[ChangeTracker] Recorded create for tab:tab-96
[ChangeTracker] Recorded create for tab:tab-97
[ChangeTracker] Recorded create for tab:tab-98
[ChangeTracker] Recorded create for tab:tab-99

[90mstdout[2m | src/utils/layer5-sync.test.ts[2m > [22m[2mPerformance[2m > [22m[2mshould handle 1000 pending changes
[22m[39m[ChangeTracker] Recorded update for tab:tab-0
[ChangeTracker] Recorded update for tab:tab-1
[ChangeTracker] Recorded update for tab:tab-2
[ChangeTracker] Recorded update for tab:tab-3
[ChangeTracker] Recorded update for tab:tab-4
[ChangeTracker] Recorded update for tab:tab-5
[ChangeTracker] Recorded update for tab:tab-6
[ChangeTracker] Recorded update for tab:tab-7
[ChangeTracker] Recorded update for tab:tab-8
[ChangeTracker] Recorded update for tab:tab-9
[ChangeTracker] Recorded update for tab:tab-10
[ChangeTracker] Recorded update for tab:tab-11
[ChangeTracker] Recorded update for tab:tab-12
[ChangeTracker] Recorded update for tab:tab-13
[ChangeTracker] Recorded update for tab:tab-14
[ChangeTracker] Recorded update for tab:tab-15
[ChangeTracker] Recorded update for tab:tab-16
[ChangeTracker] Recorded update for tab:tab-17
[ChangeTracker] Recorded update for tab:tab-18
[ChangeTracker] Recorded update for tab:tab-19
[ChangeTracker] Recorded update for tab:tab-20
[ChangeTracker] Recorded update for tab:tab-21
[ChangeTracker] Recorded update for tab:tab-22
[ChangeTracker] Recorded update for tab:tab-23
[ChangeTracker] Recorded update for tab:tab-24
[ChangeTracker] Recorded update for tab:tab-25
[ChangeTracker] Recorded update for tab:tab-26
[ChangeTracker] Recorded update for tab:tab-27
[ChangeTracker] Recorded update for tab:tab-28
[ChangeTracker] Recorded update for tab:tab-29
[ChangeTracker] Recorded update for tab:tab-30
[ChangeTracker] Recorded update for tab:tab-31
[ChangeTracker] Recorded update for tab:tab-32
[ChangeTracker] Recorded update for tab:tab-33
[ChangeTracker] Recorded update for tab:tab-34
[ChangeTracker] Recorded update for tab:tab-35
[ChangeTracker] Recorded update for tab:tab-36
[ChangeTracker] Recorded update for tab:tab-37
[ChangeTracker] Recorded update for tab:tab-38
[ChangeTracker] Recorded update for tab:tab-39
[ChangeTracker] Recorded update for tab:tab-40
[ChangeTracker] Recorded update for tab:tab-41
[ChangeTracker] Recorded update for tab:tab-42
[ChangeTracker] Recorded update for tab:tab-43
[ChangeTracker] Recorded update for tab:tab-44
[ChangeTracker] Recorded update for tab:tab-45
[ChangeTracker] Recorded update for tab:tab-46
[ChangeTracker] Recorded update for tab:tab-47
[ChangeTracker] Recorded update for tab:tab-48
[ChangeTracker] Recorded update for tab:tab-49
[ChangeTracker] Recorded update for tab:tab-50
[ChangeTracker] Recorded update for tab:tab-51
[ChangeTracker] Recorded update for tab:tab-52
[ChangeTracker] Recorded update for tab:tab-53
[ChangeTracker] Recorded update for tab:tab-54
[ChangeTracker] Recorded update for tab:tab-55
[ChangeTracker] Recorded update for tab:tab-56
[ChangeTracker] Recorded update for tab:tab-57
[ChangeTracker] Recorded update for tab:tab-58
[ChangeTracker] Recorded update for tab:tab-59
[ChangeTracker] Recorded update for tab:tab-60
[ChangeTracker] Recorded update for tab:tab-61
[ChangeTracker] Recorded update for tab:tab-62
[ChangeTracker] Recorded update for tab:tab-63
[ChangeTracker] Recorded update for tab:tab-64
[ChangeTracker] Recorded update for tab:tab-65
[ChangeTracker] Recorded update for tab:tab-66
[ChangeTracker] Recorded update for tab:tab-67
[ChangeTracker] Recorded update for tab:tab-68
[ChangeTracker] Recorded update for tab:tab-69
[ChangeTracker] Recorded update for tab:tab-70
[ChangeTracker] Recorded update for tab:tab-71
[ChangeTracker] Recorded update for tab:tab-72
[ChangeTracker] Recorded update for tab:tab-73
[ChangeTracker] Recorded update for tab:tab-74
[ChangeTracker] Recorded update for tab:tab-75
[ChangeTracker] Recorded update for tab:tab-76
[ChangeTracker] Recorded update for tab:tab-77
[ChangeTracker] Recorded update for tab:tab-78
[ChangeTracker] Recorded update for tab:tab-79
[ChangeTracker] Recorded update for tab:tab-80
[ChangeTracker] Recorded update for tab:tab-81
[ChangeTracker] Recorded update for tab:tab-82
[ChangeTracker] Recorded update for tab:tab-83
[ChangeTracker] Recorded update for tab:tab-84
[ChangeTracker] Recorded update for tab:tab-85
[ChangeTracker] Recorded update for tab:tab-86
[ChangeTracker] Recorded update for tab:tab-87
[ChangeTracker] Recorded update for tab:tab-88
[ChangeTracker] Recorded update for tab:tab-89
[ChangeTracker] Recorded update for tab:tab-90
[ChangeTracker] Recorded update for tab:tab-91
[ChangeTracker] Recorded update for tab:tab-92
[ChangeTracker] Recorded update for tab:tab-93
[ChangeTracker] Recorded update for tab:tab-94
[ChangeTracker] Recorded update for tab:tab-95
[ChangeTracker] Recorded update for tab:tab-96
[ChangeTracker] Recorded update for tab:tab-97
[ChangeTracker] Recorded update for tab:tab-98
[ChangeTracker] Recorded update for tab:tab-99
[ChangeTracker] Recorded update for tab:tab-0
[ChangeTracker] Recorded update for tab:tab-1
[ChangeTracker] Recorded update for tab:tab-2
[ChangeTracker] Recorded update for tab:tab-3
[ChangeTracker] Recorded update for tab:tab-4
[ChangeTracker] Recorded update for tab:tab-5
[ChangeTracker] Recorded update for tab:tab-6
[ChangeTracker] Recorded update for tab:tab-7
[ChangeTracker] Recorded update for tab:tab-8
[ChangeTracker] Recorded update for tab:tab-9
[ChangeTracker] Recorded update for tab:tab-10
[ChangeTracker] Recorded update for tab:tab-11
[ChangeTracker] Recorded update for tab:tab-12
[ChangeTracker] Recorded update for tab:tab-13
[ChangeTracker] Recorded update for tab:tab-14
[ChangeTracker] Recorded update for tab:tab-15
[ChangeTracker] Recorded update for tab:tab-16
[ChangeTracker] Recorded update for tab:tab-17
[ChangeTracker] Recorded update for tab:tab-18
[ChangeTracker] Recorded update for tab:tab-19
[ChangeTracker] Recorded update for tab:tab-20
[ChangeTracker] Recorded update for tab:tab-21
[ChangeTracker] Recorded update for tab:tab-22
[ChangeTracker] Recorded update for tab:tab-23
[ChangeTracker] Recorded update for tab:tab-24
[ChangeTracker] Recorded update for tab:tab-25
[ChangeTracker] Recorded update for tab:tab-26
[ChangeTracker] Recorded update for tab:tab-27
[ChangeTracker] Recorded update for tab:tab-28
[ChangeTracker] Recorded update for tab:tab-29
[ChangeTracker] Recorded update for tab:tab-30
[ChangeTracker] Recorded update for tab:tab-31
[ChangeTracker] Recorded update for tab:tab-32
[ChangeTracker] Recorded update for tab:tab-33
[ChangeTracker] Recorded update for tab:tab-34
[ChangeTracker] Recorded update for tab:tab-35
[ChangeTracker] Recorded update for tab:tab-36
[ChangeTracker] Recorded update for tab:tab-37
[ChangeTracker] Recorded update for tab:tab-38
[ChangeTracker] Recorded update for tab:tab-39
[ChangeTracker] Recorded update for tab:tab-40
[ChangeTracker] Recorded update for tab:tab-41
[ChangeTracker] Recorded update for tab:tab-42
[ChangeTracker] Recorded update for tab:tab-43
[ChangeTracker] Recorded update for tab:tab-44
[ChangeTracker] Recorded update for tab:tab-45
[ChangeTracker] Recorded update for tab:tab-46
[ChangeTracker] Recorded update for tab:tab-47
[ChangeTracker] Recorded update for tab:tab-48
[ChangeTracker] Recorded update for tab:tab-49
[ChangeTracker] Recorded update for tab:tab-50
[ChangeTracker] Recorded update for tab:tab-51
[ChangeTracker] Recorded update for tab:tab-52
[ChangeTracker] Recorded update for tab:tab-53
[ChangeTracker] Recorded update for tab:tab-54
[ChangeTracker] Recorded update for tab:tab-55
[ChangeTracker] Recorded update for tab:tab-56
[ChangeTracker] Recorded update for tab:tab-57
[ChangeTracker] Recorded update for tab:tab-58
[ChangeTracker] Recorded update for tab:tab-59
[ChangeTracker] Recorded update for tab:tab-60
[ChangeTracker] Recorded update for tab:tab-61
[ChangeTracker] Recorded update for tab:tab-62
[ChangeTracker] Recorded update for tab:tab-63
[ChangeTracker] Recorded update for tab:tab-64
[ChangeTracker] Recorded update for tab:tab-65
[ChangeTracker] Recorded update for tab:tab-66
[ChangeTracker] Recorded update for tab:tab-67
[ChangeTracker] Recorded update for tab:tab-68
[ChangeTracker] Recorded update for tab:tab-69
[ChangeTracker] Recorded update for tab:tab-70
[ChangeTracker] Recorded update for tab:tab-71
[ChangeTracker] Recorded update for tab:tab-72
[ChangeTracker] Recorded update for tab:tab-73
[ChangeTracker] Recorded update for tab:tab-74
[ChangeTracker] Recorded update for tab:tab-75
[ChangeTracker] Recorded update for tab:tab-76
[ChangeTracker] Recorded update for tab:tab-77
[ChangeTracker] Recorded update for tab:tab-78
[ChangeTracker] Recorded update for tab:tab-79
[ChangeTracker] Recorded update for tab:tab-80
[ChangeTracker] Recorded update for tab:tab-81
[ChangeTracker] Recorded update for tab:tab-82
[ChangeTracker] Recorded update for tab:tab-83
[ChangeTracker] Recorded update for tab:tab-84
[ChangeTracker] Recorded update for tab:tab-85
[ChangeTracker] Recorded update for tab:tab-86
[ChangeTracker] Recorded update for tab:tab-87
[ChangeTracker] Recorded update for tab:tab-88
[ChangeTracker] Recorded update for tab:tab-89
[ChangeTracker] Recorded update for tab:tab-90
[ChangeTracker] Recorded update for tab:tab-91
[ChangeTracker] Recorded update for tab:tab-92
[ChangeTracker] Recorded update for tab:tab-93
[ChangeTracker] Recorded update for tab:tab-94
[ChangeTracker] Recorded update for tab:tab-95
[ChangeTracker] Recorded update for tab:tab-96
[ChangeTracker] Recorded update for tab:tab-97
[ChangeTracker] Recorded update for tab:tab-98
[ChangeTracker] Recorded update for tab:tab-99
[ChangeTracker] Recorded update for tab:tab-0
[ChangeTracker] Recorded update for tab:tab-1
[ChangeTracker] Recorded update for tab:tab-2
[ChangeTracker] Recorded update for tab:tab-3
[ChangeTracker] Recorded update for tab:tab-4
[ChangeTracker] Recorded update for tab:tab-5
[ChangeTracker] Recorded update for tab:tab-6
[ChangeTracker] Recorded update for tab:tab-7
[ChangeTracker] Recorded update for tab:tab-8
[ChangeTracker] Recorded update for tab:tab-9
[ChangeTracker] Recorded update for tab:tab-10
[ChangeTracker] Recorded update for tab:tab-11
[ChangeTracker] Recorded update for tab:tab-12
[ChangeTracker] Recorded update for tab:tab-13
[ChangeTracker] Recorded update for tab:tab-14
[ChangeTracker] Recorded update for tab:tab-15
[ChangeTracker] Recorded update for tab:tab-16
[ChangeTracker] Recorded update for tab:tab-17
[ChangeTracker] Recorded update for tab:tab-18
[ChangeTracker] Recorded update for tab:tab-19
[ChangeTracker] Recorded update for tab:tab-20
[ChangeTracker] Recorded update for tab:tab-21
[ChangeTracker] Recorded update for tab:tab-22
[ChangeTracker] Recorded update for tab:tab-23
[ChangeTracker] Recorded update for tab:tab-24
[ChangeTracker] Recorded update for tab:tab-25
[ChangeTracker] Recorded update for tab:tab-26
[ChangeTracker] Recorded update for tab:tab-27
[ChangeTracker] Recorded update for tab:tab-28
[ChangeTracker] Recorded update for tab:tab-29
[ChangeTracker] Recorded update for tab:tab-30
[ChangeTracker] Recorded update for tab:tab-31
[ChangeTracker] Recorded update for tab:tab-32
[ChangeTracker] Recorded update for tab:tab-33
[ChangeTracker] Recorded update for tab:tab-34
[ChangeTracker] Recorded update for tab:tab-35
[ChangeTracker] Recorded update for tab:tab-36
[ChangeTracker] Recorded update for tab:tab-37
[ChangeTracker] Recorded update for tab:tab-38
[ChangeTracker] Recorded update for tab:tab-39
[ChangeTracker] Recorded update for tab:tab-40
[ChangeTracker] Recorded update for tab:tab-41
[ChangeTracker] Recorded update for tab:tab-42
[ChangeTracker] Recorded update for tab:tab-43
[ChangeTracker] Recorded update for tab:tab-44
[ChangeTracker] Recorded update for tab:tab-45
[ChangeTracker] Recorded update for tab:tab-46
[ChangeTracker] Recorded update for tab:tab-47
[ChangeTracker] Recorded update for tab:tab-48
[ChangeTracker] Recorded update for tab:tab-49
[ChangeTracker] Recorded update for tab:tab-50
[ChangeTracker] Recorded update for tab:tab-51
[ChangeTracker] Recorded update for tab:tab-52
[ChangeTracker] Recorded update for tab:tab-53
[ChangeTracker] Recorded update for tab:tab-54
[ChangeTracker] Recorded update for tab:tab-55
[ChangeTracker] Recorded update for tab:tab-56
[ChangeTracker] Recorded update for tab:tab-57
[ChangeTracker] Recorded update for tab:tab-58
[ChangeTracker] Recorded update for tab:tab-59
[ChangeTracker] Recorded update for tab:tab-60
[ChangeTracker] Recorded update for tab:tab-61
[ChangeTracker] Recorded update for tab:tab-62
[ChangeTracker] Recorded update for tab:tab-63
[ChangeTracker] Recorded update for tab:tab-64
[ChangeTracker] Recorded update for tab:tab-65
[ChangeTracker] Recorded update for tab:tab-66
[ChangeTracker] Recorded update for tab:tab-67
[ChangeTracker] Recorded update for tab:tab-68
[ChangeTracker] Recorded update for tab:tab-69
[ChangeTracker] Recorded update for tab:tab-70
[ChangeTracker] Recorded update for tab:tab-71
[ChangeTracker] Recorded update for tab:tab-72
[ChangeTracker] Recorded update for tab:tab-73
[ChangeTracker] Recorded update for tab:tab-74
[ChangeTracker] Recorded update for tab:tab-75
[ChangeTracker] Recorded update for tab:tab-76
[ChangeTracker] Recorded update for tab:tab-77
[ChangeTracker] Recorded update for tab:tab-78
[ChangeTracker] Recorded update for tab:tab-79
[ChangeTracker] Recorded update for tab:tab-80
[ChangeTracker] Recorded update for tab:tab-81
[ChangeTracker] Recorded update for tab:tab-82
[ChangeTracker] Recorded update for tab:tab-83
[ChangeTracker] Recorded update for tab:tab-84
[ChangeTracker] Recorded update for tab:tab-85
[ChangeTracker] Recorded update for tab:tab-86
[ChangeTracker] Recorded update for tab:tab-87
[ChangeTracker] Recorded update for tab:tab-88
[ChangeTracker] Recorded update for tab:tab-89
[ChangeTracker] Recorded update for tab:tab-90
[ChangeTracker] Recorded update for tab:tab-91
[ChangeTracker] Recorded update for tab:tab-92
[ChangeTracker] Recorded update for tab:tab-93
[ChangeTracker] Recorded update for tab:tab-94
[ChangeTracker] Recorded update for tab:tab-95
[ChangeTracker] Recorded update for tab:tab-96
[ChangeTracker] Recorded update for tab:tab-97
[ChangeTracker] Recorded update for tab:tab-98
[ChangeTracker] Recorded update for tab:tab-99
[ChangeTracker] Recorded update for tab:tab-0
[ChangeTracker] Recorded update for tab:tab-1
[ChangeTracker] Recorded update for tab:tab-2
[ChangeTracker] Recorded update for tab:tab-3
[ChangeTracker] Recorded update for tab:tab-4
[ChangeTracker] Recorded update for tab:tab-5
[ChangeTracker] Recorded update for tab:tab-6
[ChangeTracker] Recorded update for tab:tab-7
[ChangeTracker] Recorded update for tab:tab-8
[ChangeTracker] Recorded update for tab:tab-9
[ChangeTracker] Recorded update for tab:tab-10
[ChangeTracker] Recorded update for tab:tab-11
[ChangeTracker] Recorded update for tab:tab-12
[ChangeTracker] Recorded update for tab:tab-13
[ChangeTracker] Recorded update for tab:tab-14
[ChangeTracker] Recorded update for tab:tab-15
[ChangeTracker] Recorded update for tab:tab-16
[ChangeTracker] Recorded update for tab:tab-17
[ChangeTracker] Recorded update for tab:tab-18
[ChangeTracker] Recorded update for tab:tab-19
[ChangeTracker] Recorded update for tab:tab-20
[ChangeTracker] Recorded update for tab:tab-21
[ChangeTracker] Recorded update for tab:tab-22
[ChangeTracker] Recorded update for tab:tab-23
[ChangeTracker] Recorded update for tab:tab-24
[ChangeTracker] Recorded update for tab:tab-25
[ChangeTracker] Recorded update for tab:tab-26
[ChangeTracker] Recorded update for tab:tab-27
[ChangeTracker] Recorded update for tab:tab-28
[ChangeTracker] Recorded update for tab:tab-29
[ChangeTracker] Recorded update for tab:tab-30
[ChangeTracker] Recorded update for tab:tab-31
[ChangeTracker] Recorded update for tab:tab-32
[ChangeTracker] Recorded update for tab:tab-33
[ChangeTracker] Recorded update for tab:tab-34
[ChangeTracker] Recorded update for tab:tab-35
[ChangeTracker] Recorded update for tab:tab-36
[ChangeTracker] Recorded update for tab:tab-37
[ChangeTracker] Recorded update for tab:tab-38
[ChangeTracker] Recorded update for tab:tab-39
[ChangeTracker] Recorded update for tab:tab-40
[ChangeTracker] Recorded update for tab:tab-41
[ChangeTracker] Recorded update for tab:tab-42
[ChangeTracker] Recorded update for tab:tab-43
[ChangeTracker] Recorded update for tab:tab-44
[ChangeTracker] Recorded update for tab:tab-45
[ChangeTracker] Recorded update for tab:tab-46
[ChangeTracker] Recorded update for tab:tab-47
[ChangeTracker] Recorded update for tab:tab-48
[ChangeTracker] Recorded update for tab:tab-49
[ChangeTracker] Recorded update for tab:tab-50
[ChangeTracker] Recorded update for tab:tab-51
[ChangeTracker] Recorded update for tab:tab-52
[ChangeTracker] Recorded update for tab:tab-53
[ChangeTracker] Recorded update for tab:tab-54
[ChangeTracker] Recorded update for tab:tab-55
[ChangeTracker] Recorded update for tab:tab-56
[ChangeTracker] Recorded update for tab:tab-57
[ChangeTracker] Recorded update for tab:tab-58
[ChangeTracker] Recorded update for tab:tab-59
[ChangeTracker] Recorded update for tab:tab-60
[ChangeTracker] Recorded update for tab:tab-61
[ChangeTracker] Recorded update for tab:tab-62
[ChangeTracker] Recorded update for tab:tab-63
[ChangeTracker] Recorded update for tab:tab-64
[ChangeTracker] Recorded update for tab:tab-65
[ChangeTracker] Recorded update for tab:tab-66
[ChangeTracker] Recorded update for tab:tab-67
[ChangeTracker] Recorded update for tab:tab-68
[ChangeTracker] Recorded update for tab:tab-69
[ChangeTracker] Recorded update for tab:tab-70
[ChangeTracker] Recorded update for tab:tab-71
[ChangeTracker] Recorded update for tab:tab-72
[ChangeTracker] Recorded update for tab:tab-73
[ChangeTracker] Recorded update for tab:tab-74
[ChangeTracker] Recorded update for tab:tab-75
[ChangeTracker] Recorded update for tab:tab-76
[ChangeTracker] Recorded update for tab:tab-77
[ChangeTracker] Recorded update for tab:tab-78
[ChangeTracker] Recorded update for tab:tab-79
[ChangeTracker] Recorded update for tab:tab-80
[ChangeTracker] Recorded update for tab:tab-81
[ChangeTracker] Recorded update for tab:tab-82
[ChangeTracker] Recorded update for tab:tab-83
[ChangeTracker] Recorded update for tab:tab-84
[ChangeTracker] Recorded update for tab:tab-85
[ChangeTracker] Recorded update for tab:tab-86
[ChangeTracker] Recorded update for tab:tab-87
[ChangeTracker] Recorded update for tab:tab-88
[ChangeTracker] Recorded update for tab:tab-89
[ChangeTracker] Recorded update for tab:tab-90
[ChangeTracker] Recorded update for tab:tab-91
[ChangeTracker] Recorded update for tab:tab-92
[ChangeTracker] Recorded update for tab:tab-93
[ChangeTracker] Recorded update for tab:tab-94
[ChangeTracker] Recorded update for tab:tab-95
[ChangeTracker] Recorded update for tab:tab-96
[ChangeTracker] Recorded update for tab:tab-97
[ChangeTracker] Recorded update for tab:tab-98
[ChangeTracker] Recorded update for tab:tab-99
[ChangeTracker] Recorded update for tab:tab-0
[ChangeTracker] Recorded update for tab:tab-1
[ChangeTracker] Recorded update for tab:tab-2
[ChangeTracker] Recorded update for tab:tab-3
[ChangeTracker] Recorded update for tab:tab-4
[ChangeTracker] Recorded update for tab:tab-5
[ChangeTracker] Recorded update for tab:tab-6
[ChangeTracker] Recorded update for tab:tab-7
[ChangeTracker] Recorded update for tab:tab-8
[ChangeTracker] Recorded update for tab:tab-9
[ChangeTracker] Recorded update for tab:tab-10
[ChangeTracker] Recorded update for tab:tab-11
[ChangeTracker] Recorded update for tab:tab-12
[ChangeTracker] Recorded update for tab:tab-13
[ChangeTracker] Recorded update for tab:tab-14
[ChangeTracker] Recorded update for tab:tab-15
[ChangeTracker] Recorded update for tab:tab-16
[ChangeTracker] Recorded update for tab:tab-17
[ChangeTracker] Recorded update for tab:tab-18
[ChangeTracker] Recorded update for tab:tab-19
[ChangeTracker] Recorded update for tab:tab-20
[ChangeTracker] Recorded update for tab:tab-21
[ChangeTracker] Recorded update for tab:tab-22
[ChangeTracker] Recorded update for tab:tab-23
[ChangeTracker] Recorded update for tab:tab-24
[ChangeTracker] Recorded update for tab:tab-25
[ChangeTracker] Recorded update for tab:tab-26
[ChangeTracker] Recorded update for tab:tab-27
[ChangeTracker] Recorded update for tab:tab-28
[ChangeTracker] Recorded update for tab:tab-29
[ChangeTracker] Recorded update for tab:tab-30
[ChangeTracker] Recorded update for tab:tab-31
[ChangeTracker] Recorded update for tab:tab-32
[ChangeTracker] Recorded update for tab:tab-33
[ChangeTracker] Recorded update for tab:tab-34
[ChangeTracker] Recorded update for tab:tab-35
[ChangeTracker] Recorded update for tab:tab-36
[ChangeTracker] Recorded update for tab:tab-37
[ChangeTracker] Recorded update for tab:tab-38
[ChangeTracker] Recorded update for tab:tab-39
[ChangeTracker] Recorded update for tab:tab-40
[ChangeTracker] Recorded update for tab:tab-41
[ChangeTracker] Recorded update for tab:tab-42
[ChangeTracker] Recorded update for tab:tab-43
[ChangeTracker] Recorded update for tab:tab-44
[ChangeTracker] Recorded update for tab:tab-45
[ChangeTracker] Recorded update for tab:tab-46
[ChangeTracker] Recorded update for tab:tab-47
[ChangeTracker] Recorded update for tab:tab-48
[ChangeTracker] Recorded update for tab:tab-49
[ChangeTracker] Recorded update for tab:tab-50
[ChangeTracker] Recorded update for tab:tab-51
[ChangeTracker] Recorded update for tab:tab-52
[ChangeTracker] Recorded update for tab:tab-53
[ChangeTracker] Recorded update for tab:tab-54
[ChangeTracker] Recorded update for tab:tab-55
[ChangeTracker] Recorded update for tab:tab-56
[ChangeTracker] Recorded update for tab:tab-57
[ChangeTracker] Recorded update for tab:tab-58
[ChangeTracker] Recorded update for tab:tab-59
[ChangeTracker] Recorded update for tab:tab-60
[ChangeTracker] Recorded update for tab:tab-61
[ChangeTracker] Recorded update for tab:tab-62
[ChangeTracker] Recorded update for tab:tab-63
[ChangeTracker] Recorded update for tab:tab-64
[ChangeTracker] Recorded update for tab:tab-65
[ChangeTracker] Recorded update for tab:tab-66
[ChangeTracker] Recorded update for tab:tab-67
[ChangeTracker] Recorded update for tab:tab-68
[ChangeTracker] Recorded update for tab:tab-69
[ChangeTracker] Recorded update for tab:tab-70
[ChangeTracker] Recorded update for tab:tab-71
[ChangeTracker] Recorded update for tab:tab-72
[ChangeTracker] Recorded update for tab:tab-73
[ChangeTracker] Recorded update for tab:tab-74
[ChangeTracker] Recorded update for tab:tab-75
[ChangeTracker] Recorded update for tab:tab-76
[ChangeTracker] Recorded update for tab:tab-77
[ChangeTracker] Recorded update for tab:tab-78
[ChangeTracker] Recorded update for tab:tab-79
[ChangeTracker] Recorded update for tab:tab-80
[ChangeTracker] Recorded update for tab:tab-81
[ChangeTracker] Recorded update for tab:tab-82
[ChangeTracker] Recorded update for tab:tab-83
[ChangeTracker] Recorded update for tab:tab-84
[ChangeTracker] Recorded update for tab:tab-85
[ChangeTracker] Recorded update for tab:tab-86
[ChangeTracker] Recorded update for tab:tab-87
[ChangeTracker] Recorded update for tab:tab-88
[ChangeTracker] Recorded update for tab:tab-89
[ChangeTracker] Recorded update for tab:tab-90
[ChangeTracker] Recorded update for tab:tab-91
[ChangeTracker] Recorded update for tab:tab-92
[ChangeTracker] Recorded update for tab:tab-93
[ChangeTracker] Recorded update for tab:tab-94
[ChangeTracker] Recorded update for tab:tab-95
[ChangeTracker] Recorded update for tab:tab-96
[ChangeTracker] Recorded update for tab:tab-97
[ChangeTracker] Recorded update for tab:tab-98
[ChangeTracker] Recorded update for tab:tab-99
[ChangeTracker] Recorded update for tab:tab-0
[ChangeTracker] Recorded update for tab:tab-1
[ChangeTracker] Recorded update for tab:tab-2
[ChangeTracker] Recorded update for tab:tab-3
[ChangeTracker] Recorded update for tab:tab-4
[ChangeTracker] Recorded update for tab:tab-5
[ChangeTracker] Recorded update for tab:tab-6
[ChangeTracker] Recorded update for tab:tab-7
[ChangeTracker] Recorded update for tab:tab-8
[ChangeTracker] Recorded update for tab:tab-9
[ChangeTracker] Recorded update for tab:tab-10
[ChangeTracker] Recorded update for tab:tab-11
[ChangeTracker] Recorded update for tab:tab-12
[ChangeTracker] Recorded update for tab:tab-13
[ChangeTracker] Recorded update for tab:tab-14
[ChangeTracker] Recorded update for tab:tab-15
[ChangeTracker] Recorded update for tab:tab-16
[ChangeTracker] Recorded update for tab:tab-17
[ChangeTracker] Recorded update for tab:tab-18
[ChangeTracker] Recorded update for tab:tab-19
[ChangeTracker] Recorded update for tab:tab-20
[ChangeTracker] Recorded update for tab:tab-21
[ChangeTracker] Recorded update for tab:tab-22
[ChangeTracker] Recorded update for tab:tab-23
[ChangeTracker] Recorded update for tab:tab-24
[ChangeTracker] Recorded update for tab:tab-25
[ChangeTracker] Recorded update for tab:tab-26
[ChangeTracker] Recorded update for tab:tab-27
[ChangeTracker] Recorded update for tab:tab-28
[ChangeTracker] Recorded update for tab:tab-29
[ChangeTracker] Recorded update for tab:tab-30
[ChangeTracker] Recorded update for tab:tab-31
[ChangeTracker] Recorded update for tab:tab-32
[ChangeTracker] Recorded update for tab:tab-33
[ChangeTracker] Recorded update for tab:tab-34
[ChangeTracker] Recorded update for tab:tab-35
[ChangeTracker] Recorded update for tab:tab-36
[ChangeTracker] Recorded update for tab:tab-37
[ChangeTracker] Recorded update for tab:tab-38
[ChangeTracker] Recorded update for tab:tab-39
[ChangeTracker] Recorded update for tab:tab-40
[ChangeTracker] Recorded update for tab:tab-41
[ChangeTracker] Recorded update for tab:tab-42
[ChangeTracker] Recorded update for tab:tab-43
[ChangeTracker] Recorded update for tab:tab-44
[ChangeTracker] Recorded update for tab:tab-45
[ChangeTracker] Recorded update for tab:tab-46
[ChangeTracker] Recorded update for tab:tab-47
[ChangeTracker] Recorded update for tab:tab-48
[ChangeTracker] Recorded update for tab:tab-49
[ChangeTracker] Recorded update for tab:tab-50
[ChangeTracker] Recorded update for tab:tab-51
[ChangeTracker] Recorded update for tab:tab-52
[ChangeTracker] Recorded update for tab:tab-53
[ChangeTracker] Recorded update for tab:tab-54
[ChangeTracker] Recorded update for tab:tab-55
[ChangeTracker] Recorded update for tab:tab-56
[ChangeTracker] Recorded update for tab:tab-57
[ChangeTracker] Recorded update for tab:tab-58
[ChangeTracker] Recorded update for tab:tab-59
[ChangeTracker] Recorded update for tab:tab-60
[ChangeTracker] Recorded update for tab:tab-61
[ChangeTracker] Recorded update for tab:tab-62
[ChangeTracker] Recorded update for tab:tab-63
[ChangeTracker] Recorded update for tab:tab-64
[ChangeTracker] Recorded update for tab:tab-65
[ChangeTracker] Recorded update for tab:tab-66
[ChangeTracker] Recorded update for tab:tab-67
[ChangeTracker] Recorded update for tab:tab-68
[ChangeTracker] Recorded update for tab:tab-69
[ChangeTracker] Recorded update for tab:tab-70
[ChangeTracker] Recorded update for tab:tab-71
[ChangeTracker] Recorded update for tab:tab-72
[ChangeTracker] Recorded update for tab:tab-73
[ChangeTracker] Recorded update for tab:tab-74
[ChangeTracker] Recorded update for tab:tab-75
[ChangeTracker] Recorded update for tab:tab-76
[ChangeTracker] Recorded update for tab:tab-77
[ChangeTracker] Recorded update for tab:tab-78
[ChangeTracker] Recorded update for tab:tab-79
[ChangeTracker] Recorded update for tab:tab-80
[ChangeTracker] Recorded update for tab:tab-81
[ChangeTracker] Recorded update for tab:tab-82
[ChangeTracker] Recorded update for tab:tab-83
[ChangeTracker] Recorded update for tab:tab-84
[ChangeTracker] Recorded update for tab:tab-85
[ChangeTracker] Recorded update for tab:tab-86
[ChangeTracker] Recorded update for tab:tab-87
[ChangeTracker] Recorded update for tab:tab-88
[ChangeTracker] Recorded update for tab:tab-89
[ChangeTracker] Recorded update for tab:tab-90
[ChangeTracker] Recorded update for tab:tab-91
[ChangeTracker] Recorded update for tab:tab-92
[ChangeTracker] Recorded update for tab:tab-93
[ChangeTracker] Recorded update for tab:tab-94
[ChangeTracker] Recorded update for tab:tab-95
[ChangeTracker] Recorded update for tab:tab-96
[ChangeTracker] Recorded update for tab:tab-97
[ChangeTracker] Recorded update for tab:tab-98
[ChangeTracker] Recorded update for tab:tab-99
[ChangeTracker] Recorded update for tab:tab-0
[ChangeTracker] Recorded update for tab:tab-1
[ChangeTracker] Recorded update for tab:tab-2
[ChangeTracker] Recorded update for tab:tab-3
[ChangeTracker] Recorded update for tab:tab-4
[ChangeTracker] Recorded update for tab:tab-5
[ChangeTracker] Recorded update for tab:tab-6
[ChangeTracker] Recorded update for tab:tab-7
[ChangeTracker] Recorded update for tab:tab-8
[ChangeTracker] Recorded update for tab:tab-9
[ChangeTracker] Recorded update for tab:tab-10
[ChangeTracker] Recorded update for tab:tab-11
[ChangeTracker] Recorded update for tab:tab-12
[ChangeTracker] Recorded update for tab:tab-13
[ChangeTracker] Recorded update for tab:tab-14
[ChangeTracker] Recorded update for tab:tab-15
[ChangeTracker] Recorded update for tab:tab-16
[ChangeTracker] Recorded update for tab:tab-17
[ChangeTracker] Recorded update for tab:tab-18
[ChangeTracker] Recorded update for tab:tab-19
[ChangeTracker] Recorded update for tab:tab-20
[ChangeTracker] Recorded update for tab:tab-21
[ChangeTracker] Recorded update for tab:tab-22
[ChangeTracker] Recorded update for tab:tab-23
[ChangeTracker] Recorded update for tab:tab-24
[ChangeTracker] Recorded update for tab:tab-25
[ChangeTracker] Recorded update for tab:tab-26
[ChangeTracker] Recorded update for tab:tab-27
[ChangeTracker] Recorded update for tab:tab-28
[ChangeTracker] Recorded update for tab:tab-29
[ChangeTracker] Recorded update for tab:tab-30
[ChangeTracker] Recorded update for tab:tab-31
[ChangeTracker] Recorded update for tab:tab-32
[ChangeTracker] Recorded update for tab:tab-33
[ChangeTracker] Recorded update for tab:tab-34
[ChangeTracker] Recorded update for tab:tab-35
[ChangeTracker] Recorded update for tab:tab-36
[ChangeTracker] Recorded update for tab:tab-37
[ChangeTracker] Recorded update for tab:tab-38
[ChangeTracker] Recorded update for tab:tab-39
[ChangeTracker] Recorded update for tab:tab-40
[ChangeTracker] Recorded update for tab:tab-41
[ChangeTracker] Recorded update for tab:tab-42
[ChangeTracker] Recorded update for tab:tab-43
[ChangeTracker] Recorded update for tab:tab-44
[ChangeTracker] Recorded update for tab:tab-45
[ChangeTracker] Recorded update for tab:tab-46
[ChangeTracker] Recorded update for tab:tab-47
[ChangeTracker] Recorded update for tab:tab-48
[ChangeTracker] Recorded update for tab:tab-49
[ChangeTracker] Recorded update for tab:tab-50
[ChangeTracker] Recorded update for tab:tab-51
[ChangeTracker] Recorded update for tab:tab-52
[ChangeTracker] Recorded update for tab:tab-53
[ChangeTracker] Recorded update for tab:tab-54
[ChangeTracker] Recorded update for tab:tab-55
[ChangeTracker] Recorded update for tab:tab-56
[ChangeTracker] Recorded update for tab:tab-57
[ChangeTracker] Recorded update for tab:tab-58
[ChangeTracker] Recorded update for tab:tab-59
[ChangeTracker] Recorded update for tab:tab-60
[ChangeTracker] Recorded update for tab:tab-61
[ChangeTracker] Recorded update for tab:tab-62
[ChangeTracker] Recorded update for tab:tab-63
[ChangeTracker] Recorded update for tab:tab-64
[ChangeTracker] Recorded update for tab:tab-65
[ChangeTracker] Recorded update for tab:tab-66
[ChangeTracker] Recorded update for tab:tab-67
[ChangeTracker] Recorded update for tab:tab-68
[ChangeTracker] Recorded update for tab:tab-69
[ChangeTracker] Recorded update for tab:tab-70
[ChangeTracker] Recorded update for tab:tab-71
[ChangeTracker] Recorded update for tab:tab-72
[ChangeTracker] Recorded update for tab:tab-73
[ChangeTracker] Recorded update for tab:tab-74
[ChangeTracker] Recorded update for tab:tab-75
[ChangeTracker] Recorded update for tab:tab-76
[ChangeTracker] Recorded update for tab:tab-77
[ChangeTracker] Recorded update for tab:tab-78
[ChangeTracker] Recorded update for tab:tab-79
[ChangeTracker] Recorded update for tab:tab-80
[ChangeTracker] Recorded update for tab:tab-81
[ChangeTracker] Recorded update for tab:tab-82
[ChangeTracker] Recorded update for tab:tab-83
[ChangeTracker] Recorded update for tab:tab-84
[ChangeTracker] Recorded update for tab:tab-85
[ChangeTracker] Recorded update for tab:tab-86
[ChangeTracker] Recorded update for tab:tab-87
[ChangeTracker] Recorded update for tab:tab-88
[ChangeTracker] Recorded update for tab:tab-89
[ChangeTracker] Recorded update for tab:tab-90
[ChangeTracker] Recorded update for tab:tab-91
[ChangeTracker] Recorded update for tab:tab-92
[ChangeTracker] Recorded update for tab:tab-93
[ChangeTracker] Recorded update for tab:tab-94
[ChangeTracker] Recorded update for tab:tab-95
[ChangeTracker] Recorded update for tab:tab-96
[ChangeTracker] Recorded update for tab:tab-97
[ChangeTracker] Recorded update for tab:tab-98
[ChangeTracker] Recorded update for tab:tab-99
[ChangeTracker] Recorded update for tab:tab-0
[ChangeTracker] Recorded update for tab:tab-1
[ChangeTracker] Recorded update for tab:tab-2
[ChangeTracker] Recorded update for tab:tab-3
[ChangeTracker] Recorded update for tab:tab-4
[ChangeTracker] Recorded update for tab:tab-5
[ChangeTracker] Recorded update for tab:tab-6
[ChangeTracker] Recorded update for tab:tab-7
[ChangeTracker] Recorded update for tab:tab-8
[ChangeTracker] Recorded update for tab:tab-9
[ChangeTracker] Recorded update for tab:tab-10
[ChangeTracker] Recorded update for tab:tab-11
[ChangeTracker] Recorded update for tab:tab-12
[ChangeTracker] Recorded update for tab:tab-13
[ChangeTracker] Recorded update for tab:tab-14
[ChangeTracker] Recorded update for tab:tab-15
[ChangeTracker] Recorded update for tab:tab-16
[ChangeTracker] Recorded update for tab:tab-17
[ChangeTracker] Recorded update for tab:tab-18
[ChangeTracker] Recorded update for tab:tab-19
[ChangeTracker] Recorded update for tab:tab-20
[ChangeTracker] Recorded update for tab:tab-21
[ChangeTracker] Recorded update for tab:tab-22
[ChangeTracker] Recorded update for tab:tab-23
[ChangeTracker] Recorded update for tab:tab-24
[ChangeTracker] Recorded update for tab:tab-25
[ChangeTracker] Recorded update for tab:tab-26
[ChangeTracker] Recorded update for tab:tab-27
[ChangeTracker] Recorded update for tab:tab-28
[ChangeTracker] Recorded update for tab:tab-29
[ChangeTracker] Recorded update for tab:tab-30
[ChangeTracker] Recorded update for tab:tab-31
[ChangeTracker] Recorded update for tab:tab-32
[ChangeTracker] Recorded update for tab:tab-33
[ChangeTracker] Recorded update for tab:tab-34
[ChangeTracker] Recorded update for tab:tab-35
[ChangeTracker] Recorded update for tab:tab-36
[ChangeTracker] Recorded update for tab:tab-37
[ChangeTracker] Recorded update for tab:tab-38
[ChangeTracker] Recorded update for tab:tab-39
[ChangeTracker] Recorded update for tab:tab-40
[ChangeTracker] Recorded update for tab:tab-41
[ChangeTracker] Recorded update for tab:tab-42
[ChangeTracker] Recorded update for tab:tab-43
[ChangeTracker] Recorded update for tab:tab-44
[ChangeTracker] Recorded update for tab:tab-45
[ChangeTracker] Recorded update for tab:tab-46
[ChangeTracker] Recorded update for tab:tab-47
[ChangeTracker] Recorded update for tab:tab-48
[ChangeTracker] Recorded update for tab:tab-49
[ChangeTracker] Recorded update for tab:tab-50
[ChangeTracker] Recorded update for tab:tab-51
[ChangeTracker] Recorded update for tab:tab-52
[ChangeTracker] Recorded update for tab:tab-53
[ChangeTracker] Recorded update for tab:tab-54
[ChangeTracker] Recorded update for tab:tab-55
[ChangeTracker] Recorded update for tab:tab-56
[ChangeTracker] Recorded update for tab:tab-57
[ChangeTracker] Recorded update for tab:tab-58
[ChangeTracker] Recorded update for tab:tab-59
[ChangeTracker] Recorded update for tab:tab-60
[ChangeTracker] Recorded update for tab:tab-61
[ChangeTracker] Recorded update for tab:tab-62
[ChangeTracker] Recorded update for tab:tab-63
[ChangeTracker] Recorded update for tab:tab-64
[ChangeTracker] Recorded update for tab:tab-65
[ChangeTracker] Recorded update for tab:tab-66
[ChangeTracker] Recorded update for tab:tab-67
[ChangeTracker] Recorded update for tab:tab-68
[ChangeTracker] Recorded update for tab:tab-69
[ChangeTracker] Recorded update for tab:tab-70
[ChangeTracker] Recorded update for tab:tab-71
[ChangeTracker] Recorded update for tab:tab-72
[ChangeTracker] Recorded update for tab:tab-73
[ChangeTracker] Recorded update for tab:tab-74
[ChangeTracker] Recorded update for tab:tab-75
[ChangeTracker] Recorded update for tab:tab-76
[ChangeTracker] Recorded update for tab:tab-77
[ChangeTracker] Recorded update for tab:tab-78
[ChangeTracker] Recorded update for tab:tab-79
[ChangeTracker] Recorded update for tab:tab-80
[ChangeTracker] Recorded update for tab:tab-81
[ChangeTracker] Recorded update for tab:tab-82
[ChangeTracker] Recorded update for tab:tab-83
[ChangeTracker] Recorded update for tab:tab-84
[ChangeTracker] Recorded update for tab:tab-85
[ChangeTracker] Recorded update for tab:tab-86
[ChangeTracker] Recorded update for tab:tab-87
[ChangeTracker] Recorded update for tab:tab-88
[ChangeTracker] Recorded update for tab:tab-89
[ChangeTracker] Recorded update for tab:tab-90
[ChangeTracker] Recorded update for tab:tab-91
[ChangeTracker] Recorded update for tab:tab-92
[ChangeTracker] Recorded update for tab:tab-93
[ChangeTracker] Recorded update for tab:tab-94
[ChangeTracker] Recorded update for tab:tab-95
[ChangeTracker] Recorded update for tab:tab-96
[ChangeTracker] Recorded update for tab:tab-97
[ChangeTracker] Recorded update for tab:tab-98
[ChangeTracker] Recorded update for tab:tab-99
[ChangeTracker] Recorded update for tab:tab-0
[ChangeTracker] Recorded update for tab:tab-1
[ChangeTracker] Recorded update for tab:tab-2
[ChangeTracker] Recorded update for tab:tab-3
[ChangeTracker] Recorded update for tab:tab-4
[ChangeTracker] Recorded update for tab:tab-5
[ChangeTracker] Recorded update for tab:tab-6
[ChangeTracker] Recorded update for tab:tab-7
[ChangeTracker] Recorded update for tab:tab-8
[ChangeTracker] Recorded update for tab:tab-9
[ChangeTracker] Recorded update for tab:tab-10
[ChangeTracker] Recorded update for tab:tab-11
[ChangeTracker] Recorded update for tab:tab-12
[ChangeTracker] Recorded update for tab:tab-13
[ChangeTracker] Recorded update for tab:tab-14
[ChangeTracker] Recorded update for tab:tab-15
[ChangeTracker] Recorded update for tab:tab-16
[ChangeTracker] Recorded update for tab:tab-17
[ChangeTracker] Recorded update for tab:tab-18
[ChangeTracker] Recorded update for tab:tab-19
[ChangeTracker] Recorded update for tab:tab-20
[ChangeTracker] Recorded update for tab:tab-21
[ChangeTracker] Recorded update for tab:tab-22
[ChangeTracker] Recorded update for tab:tab-23
[ChangeTracker] Recorded update for tab:tab-24
[ChangeTracker] Recorded update for tab:tab-25
[ChangeTracker] Recorded update for tab:tab-26
[ChangeTracker] Recorded update for tab:tab-27
[ChangeTracker] Recorded update for tab:tab-28
[ChangeTracker] Recorded update for tab:tab-29
[ChangeTracker] Recorded update for tab:tab-30
[ChangeTracker] Recorded update for tab:tab-31
[ChangeTracker] Recorded update for tab:tab-32
[ChangeTracker] Recorded update for tab:tab-33
[ChangeTracker] Recorded update for tab:tab-34
[ChangeTracker] Recorded update for tab:tab-35
[ChangeTracker] Recorded update for tab:tab-36
[ChangeTracker] Recorded update for tab:tab-37
[ChangeTracker] Recorded update for tab:tab-38
[ChangeTracker] Recorded update for tab:tab-39
[ChangeTracker] Recorded update for tab:tab-40
[ChangeTracker] Recorded update for tab:tab-41
[ChangeTracker] Recorded update for tab:tab-42
[ChangeTracker] Recorded update for tab:tab-43
[ChangeTracker] Recorded update for tab:tab-44
[ChangeTracker] Recorded update for tab:tab-45
[ChangeTracker] Recorded update for tab:tab-46
[ChangeTracker] Recorded update for tab:tab-47
[ChangeTracker] Recorded update for tab:tab-48
[ChangeTracker] Recorded update for tab:tab-49
[ChangeTracker] Recorded update for tab:tab-50
[ChangeTracker] Recorded update for tab:tab-51
[ChangeTracker] Recorded update for tab:tab-52
[ChangeTracker] Recorded update for tab:tab-53
[ChangeTracker] Recorded update for tab:tab-54
[ChangeTracker] Recorded update for tab:tab-55
[ChangeTracker] Recorded update for tab:tab-56
[ChangeTracker] Recorded update for tab:tab-57
[ChangeTracker] Recorded update for tab:tab-58
[ChangeTracker] Recorded update for tab:tab-59
[ChangeTracker] Recorded update for tab:tab-60
[ChangeTracker] Recorded update for tab:tab-61
[ChangeTracker] Recorded update for tab:tab-62
[ChangeTracker] Recorded update for tab:tab-63
[ChangeTracker] Recorded update for tab:tab-64
[ChangeTracker] Recorded update for tab:tab-65
[ChangeTracker] Recorded update for tab:tab-66
[ChangeTracker] Recorded update for tab:tab-67
[ChangeTracker] Recorded update for tab:tab-68
[ChangeTracker] Recorded update for tab:tab-69
[ChangeTracker] Recorded update for tab:tab-70
[ChangeTracker] Recorded update for tab:tab-71
[ChangeTracker] Recorded update for tab:tab-72
[ChangeTracker] Recorded update for tab:tab-73
[ChangeTracker] Recorded update for tab:tab-74
[ChangeTracker] Recorded update for tab:tab-75
[ChangeTracker] Recorded update for tab:tab-76
[ChangeTracker] Recorded update for tab:tab-77
[ChangeTracker] Recorded update for tab:tab-78
[ChangeTracker] Recorded update for tab:tab-79
[ChangeTracker] Recorded update for tab:tab-80
[ChangeTracker] Recorded update for tab:tab-81
[ChangeTracker] Recorded update for tab:tab-82
[ChangeTracker] Recorded update for tab:tab-83
[ChangeTracker] Recorded update for tab:tab-84
[ChangeTracker] Recorded update for tab:tab-85
[ChangeTracker] Recorded update for tab:tab-86
[ChangeTracker] Recorded update for tab:tab-87
[ChangeTracker] Recorded update for tab:tab-88
[ChangeTracker] Recorded update for tab:tab-89
[ChangeTracker] Recorded update for tab:tab-90
[ChangeTracker] Recorded update for tab:tab-91
[ChangeTracker] Recorded update for tab:tab-92
[ChangeTracker] Recorded update for tab:tab-93
[ChangeTracker] Recorded update for tab:tab-94
[ChangeTracker] Recorded update for tab:tab-95
[ChangeTracker] Recorded update for tab:tab-96
[ChangeTracker] Recorded update for tab:tab-97
[ChangeTracker] Recorded update for tab:tab-98
[ChangeTracker] Recorded update for tab:tab-99
[ChangeTracker] Recorded update for tab:tab-0
[ChangeTracker] Recorded update for tab:tab-1
[ChangeTracker] Recorded update for tab:tab-2
[ChangeTracker] Recorded update for tab:tab-3
[ChangeTracker] Recorded update for tab:tab-4
[ChangeTracker] Recorded update for tab:tab-5
[ChangeTracker] Recorded update for tab:tab-6
[ChangeTracker] Recorded update for tab:tab-7
[ChangeTracker] Recorded update for tab:tab-8
[ChangeTracker] Recorded update for tab:tab-9
[ChangeTracker] Recorded update for tab:tab-10
[ChangeTracker] Recorded update for tab:tab-11
[ChangeTracker] Recorded update for tab:tab-12
[ChangeTracker] Recorded update for tab:tab-13
[ChangeTracker] Recorded update for tab:tab-14
[ChangeTracker] Recorded update for tab:tab-15
[ChangeTracker] Recorded update for tab:tab-16
[ChangeTracker] Recorded update for tab:tab-17
[ChangeTracker] Recorded update for tab:tab-18
[ChangeTracker] Recorded update for tab:tab-19
[ChangeTracker] Recorded update for tab:tab-20
[ChangeTracker] Recorded update for tab:tab-21
[ChangeTracker] Recorded update for tab:tab-22
[ChangeTracker] Recorded update for tab:tab-23
[ChangeTracker] Recorded update for tab:tab-24
[ChangeTracker] Recorded update for tab:tab-25
[ChangeTracker] Recorded update for tab:tab-26
[ChangeTracker] Recorded update for tab:tab-27
[ChangeTracker] Recorded update for tab:tab-28
[ChangeTracker] Recorded update for tab:tab-29
[ChangeTracker] Recorded update for tab:tab-30
[ChangeTracker] Recorded update for tab:tab-31
[ChangeTracker] Recorded update for tab:tab-32
[ChangeTracker] Recorded update for tab:tab-33
[ChangeTracker] Recorded update for tab:tab-34
[ChangeTracker] Recorded update for tab:tab-35
[ChangeTracker] Recorded update for tab:tab-36
[ChangeTracker] Recorded update for tab:tab-37
[ChangeTracker] Recorded update for tab:tab-38
[ChangeTracker] Recorded update for tab:tab-39
[ChangeTracker] Recorded update for tab:tab-40
[ChangeTracker] Recorded update for tab:tab-41
[ChangeTracker] Recorded update for tab:tab-42
[ChangeTracker] Recorded update for tab:tab-43
[ChangeTracker] Recorded update for tab:tab-44
[ChangeTracker] Recorded update for tab:tab-45
[ChangeTracker] Recorded update for tab:tab-46
[ChangeTracker] Recorded update for tab:tab-47
[ChangeTracker] Recorded update for tab:tab-48
[ChangeTracker] Recorded update for tab:tab-49
[ChangeTracker] Recorded update for tab:tab-50
[ChangeTracker] Recorded update for tab:tab-51
[ChangeTracker] Recorded update for tab:tab-52
[ChangeTracker] Recorded update for tab:tab-53
[ChangeTracker] Recorded update for tab:tab-54
[ChangeTracker] Recorded update for tab:tab-55
[ChangeTracker] Recorded update for tab:tab-56
[ChangeTracker] Recorded update for tab:tab-57
[ChangeTracker] Recorded update for tab:tab-58
[ChangeTracker] Recorded update for tab:tab-59
[ChangeTracker] Recorded update for tab:tab-60
[ChangeTracker] Recorded update for tab:tab-61
[ChangeTracker] Recorded update for tab:tab-62
[ChangeTracker] Recorded update for tab:tab-63
[ChangeTracker] Recorded update for tab:tab-64
[ChangeTracker] Recorded update for tab:tab-65
[ChangeTracker] Recorded update for tab:tab-66
[ChangeTracker] Recorded update for tab:tab-67
[ChangeTracker] Recorded update for tab:tab-68
[ChangeTracker] Recorded update for tab:tab-69
[ChangeTracker] Recorded update for tab:tab-70
[ChangeTracker] Recorded update for tab:tab-71
[ChangeTracker] Recorded update for tab:tab-72
[ChangeTracker] Recorded update for tab:tab-73
[ChangeTracker] Recorded update for tab:tab-74
[ChangeTracker] Recorded update for tab:tab-75
[ChangeTracker] Recorded update for tab:tab-76
[ChangeTracker] Recorded update for tab:tab-77
[ChangeTracker] Recorded update for tab:tab-78
[ChangeTracker] Recorded update for tab:tab-79
[ChangeTracker] Recorded update for tab:tab-80
[ChangeTracker] Recorded update for tab:tab-81
[ChangeTracker] Recorded update for tab:tab-82
[ChangeTracker] Recorded update for tab:tab-83
[ChangeTracker] Recorded update for tab:tab-84
[ChangeTracker] Recorded update for tab:tab-85
[ChangeTracker] Recorded update for tab:tab-86
[ChangeTracker] Recorded update for tab:tab-87
[ChangeTracker] Recorded update for tab:tab-88
[ChangeTracker] Recorded update for tab:tab-89
[ChangeTracker] Recorded update for tab:tab-90
[ChangeTracker] Recorded update for tab:tab-91
[ChangeTracker] Recorded update for tab:tab-92
[ChangeTracker] Recorded update for tab:tab-93
[ChangeTracker] Recorded update for tab:tab-94
[ChangeTracker] Recorded update for tab:tab-95
[ChangeTracker] Recorded update for tab:tab-96
[ChangeTracker] Recorded update for tab:tab-97
[ChangeTracker] Recorded update for tab:tab-98
[ChangeTracker] Recorded update for tab:tab-99

[90mstdout[2m | src/core/agent/__tests__/workflow_analytics.test.ts[2m > [22m[2mWorkflow Analytics[2m > [22m[2mshould track workflow success rate
[22m[39m[OMNI] [2025-12-19T08:52:09.592Z] [INFO] [BatchManager] Created job: Test Job
[OMNI] [2025-12-19T08:52:09.594Z] [INFO] [BatchManager] Added task to job batch-1766134329592
[OMNI] [2025-12-19T08:52:09.594Z] [INFO] [BatchManager] Added task to job batch-1766134329592
[OMNI] [2025-12-19T08:52:09.594Z] [INFO] [BatchManager] Added task to job batch-1766134329592

 [32mΓ£ô[39m src/utils/layer5-sync.test.ts [2m([22m[2m34 tests[22m[2m)[22m[32m 148[2mms[22m[39m
 [32mΓ£ô[39m src/core/agent/__tests__/workflow_analytics.test.ts [2m([22m[2m7 tests[22m[2m)[22m[32m 153[2mms[22m[39m
[90mstdout[2m | src/utils/layer4-search.test.ts[2m > [22m[2mLayer 4: Search Integration[2m > [22m[2mshould rebuild entire search index
[22m[39m[SearchIntegration] Rebuilding search index...

[90mstdout[2m | src/utils/layer4-search.test.ts[2m > [22m[2mLayer 4: Search Integration[2m > [22m[2mshould rebuild entire search index
[22m[39m[SearchIntegration] Rebuilt 1 documents in 0.74ms

[90mstdout[2m | src/utils/layer4-search.test.ts[2m > [22m[2mLayer 4: Performance Benchmarks[2m > [22m[2mshould rebuild index of 1000 documents in <500ms
[22m[39m[SearchIntegration] Rebuilding search index...

[90mstdout[2m | src/utils/layer4-search.test.ts[2m > [22m[2mLayer 4: Performance Benchmarks[2m > [22m[2mshould rebuild index of 1000 documents in <500ms
[22m[39m[SearchIntegration] Rebuilt 1000 documents in 1.59ms

 [32mΓ£ô[39m src/utils/layer4-search.test.ts [2m([22m[2m28 tests[22m[2m)[22m[32m 91[2mms[22m[39m
[90mstdout[2m | src/core/agent/__tests__/extract_table.test.ts
[22m[39m[OMNI] [2025-12-19T08:52:10.303Z] [INFO] [AgentRegistry] Registered tool: scrapePage
[OMNI] [2025-12-19T08:52:10.305Z] [INFO] [AgentRegistry] Registered tool: summarizeText
[OMNI] [2025-12-19T08:52:10.305Z] [INFO] [AgentRegistry] Registered tool: searchWeb

[90mstdout[2m | src/core/agent/__tests__/extract_table.test.ts
[22m[39m[OMNI] [2025-12-19T08:52:10.380Z] [INFO] [ToolRegistryV2] Registered tool: scrape_page (research)
[OMNI] [2025-12-19T08:52:10.381Z] [INFO] [ToolRegistryV2] Registered tool: summarize_text (general)
[OMNI] [2025-12-19T08:52:10.383Z] [INFO] [ToolRegistryV2] Registered tool: search_web (research)
[OMNI] [2025-12-19T08:52:10.384Z] [INFO] [ToolRegistryV2] Registered tool: extract_table (docs)
[OMNI] [2025-12-19T08:52:10.384Z] [INFO] [ToolRegistryV2] Registered tool: manage_tabs (general)
[OMNI] [2025-12-19T08:52:10.385Z] [INFO] [ToolRegistryV2] Registered tool: manage_workspaces (general)

 [32mΓ£ô[39m src/core/agent/__tests__/extract_table.test.ts [2m([22m[2m2 tests[22m[2m)[22m[32m 51[2mms[22m[39m
[90mstdout[2m | src/state/tabsStore.test.ts[2m > [22m[2mTabsStore[2m > [22m[2mTab Management[2m > [22m[2mshould set active tab
[22m[39m[TABS] setActive {
  tabId: [32m'tab-1'[39m,
  currentActiveId: [32m'tab-2'[39m,
  totalTabs: [33m2[39m,
  tabIds: [ [32m'tab-1'[39m, [32m'tab-2'[39m ]
}

[90mstdout[2m | src/state/tabsStore.test.ts
[22m[39m[AGENT_STREAM] setActiveTabId { tabId: [32m'tab-1'[39m }

[90mstdout[2m | src/state/tabsStore.test.ts
[22m[39m[TabsStore] Rehydrated { tabCount: [33m1[39m, activeId: [32m'tab-1'[39m }

 [32mΓ£ô[39m src/state/tabsStore.test.ts [2m([22m[2m14 tests[22m[2m)[22m[32m 209[2mms[22m[39m
[90mstdout[2m | src/__tests__/settings-integration.test.ts[2m > [22m[2mSettings Screen Integration[2m > [22m[2mFeature Flag Management[2m > [22m[2mshould load default feature flags
[22m[39m[MVP Features] Reset to defaults

[90mstdout[2m | src/__tests__/settings-integration.test.ts[2m > [22m[2mSettings Screen Integration[2m > [22m[2mFeature Flag Management[2m > [22m[2mshould toggle tab hibernation feature
[22m[39m[MVP Features] Feature toggled: tab-hibernation = false
[MVP Features] Feature toggled: tab-hibernation = true

[90mstdout[2m | src/__tests__/settings-integration.test.ts[2m > [22m[2mSettings Screen Integration[2m > [22m[2mFeature Flag Management[2m > [22m[2mshould toggle tab hibernation feature
[22m[39m[MVP Features] Reset to defaults

[90mstdout[2m | src/__tests__/settings-integration.test.ts[2m > [22m[2mSettings Screen Integration[2m > [22m[2mFeature Flag Management[2m > [22m[2mshould toggle low-RAM mode feature
[22m[39m[MVP Features] Feature toggled: low-ram-mode = false

[90mstdout[2m | src/__tests__/settings-integration.test.ts[2m > [22m[2mSettings Screen Integration[2m > [22m[2mFeature Flag Management[2m > [22m[2mshould toggle low-RAM mode feature
[22m[39m[MVP Features] Reset to defaults

[90mstdout[2m | src/__tests__/settings-integration.test.ts[2m > [22m[2mSettings Screen Integration[2m > [22m[2mFeature Flag Management[2m > [22m[2mshould toggle battery-aware power feature
[22m[39m[MVP Features] Feature toggled: battery-aware-power = false

[90mstdout[2m | src/__tests__/settings-integration.test.ts[2m > [22m[2mSettings Screen Integration[2m > [22m[2mFeature Flag Management[2m > [22m[2mshould toggle battery-aware power feature
[22m[39m[MVP Features] Reset to defaults

[90mstdout[2m | src/__tests__/settings-integration.test.ts[2m > [22m[2mSettings Screen Integration[2m > [22m[2mFeature Flag Management[2m > [22m[2mshould toggle sidebar feature
[22m[39m[MVP Features] Feature toggled: sidebar-toggle = false

[90mstdout[2m | src/__tests__/settings-integration.test.ts[2m > [22m[2mSettings Screen Integration[2m > [22m[2mFeature Flag Management[2m > [22m[2mshould toggle sidebar feature
[22m[39m[MVP Features] Reset to defaults

[90mstdout[2m | src/__tests__/settings-integration.test.ts[2m > [22m[2mSettings Screen Integration[2m > [22m[2mFeature Flag Management[2m > [22m[2mshould toggle address controls feature
[22m[39m[MVP Features] Feature toggled: address-controls = false

[90mstdout[2m | src/__tests__/settings-integration.test.ts[2m > [22m[2mSettings Screen Integration[2m > [22m[2mFeature Flag Management[2m > [22m[2mshould toggle address controls feature
[22m[39m[MVP Features] Reset to defaults

[90mstdout[2m | src/__tests__/settings-integration.test.ts[2m > [22m[2mSettings Screen Integration[2m > [22m[2mFeature Flag Management[2m > [22m[2mshould toggle keyboard shortcuts feature
[22m[39m[MVP Features] Feature toggled: keyboard-shortcuts = false

[90mstdout[2m | src/__tests__/settings-integration.test.ts[2m > [22m[2mSettings Screen Integration[2m > [22m[2mFeature Flag Management[2m > [22m[2mshould toggle keyboard shortcuts feature
[22m[39m[MVP Features] Reset to defaults

[90mstdout[2m | src/__tests__/settings-integration.test.ts[2m > [22m[2mSettings Screen Integration[2m > [22m[2mlocalStorage Persistence[2m > [22m[2mshould persist feature toggles to localStorage
[22m[39m[MVP Features] Feature toggled: tab-hibernation = false

[90mstdout[2m | src/__tests__/settings-integration.test.ts[2m > [22m[2mSettings Screen Integration[2m > [22m[2mlocalStorage Persistence[2m > [22m[2mshould persist feature toggles to localStorage
[22m[39m[MVP Features] Reset to defaults

[90mstdout[2m | src/__tests__/settings-integration.test.ts[2m > [22m[2mSettings Screen Integration[2m > [22m[2mlocalStorage Persistence[2m > [22m[2mshould restore feature state from localStorage
[22m[39m[MVP Features] Feature toggled: low-ram-mode = false

[90mstdout[2m | src/__tests__/settings-integration.test.ts[2m > [22m[2mSettings Screen Integration[2m > [22m[2mlocalStorage Persistence[2m > [22m[2mshould restore feature state from localStorage
[22m[39m[MVP Features] Reset to defaults

[90mstdout[2m | src/__tests__/settings-integration.test.ts[2m > [22m[2mSettings Screen Integration[2m > [22m[2mlocalStorage Persistence[2m > [22m[2mshould handle localStorage corruption gracefully
[22m[39m[MVP Features] Reset to defaults

[90mstdout[2m | src/__tests__/settings-integration.test.ts[2m > [22m[2mSettings Screen Integration[2m > [22m[2mFeature Flag Events[2m > [22m[2mshould dispatch event when feature is toggled
[22m[39m[MVP Features] Feature toggled: tab-hibernation = false

[90mstdout[2m | src/__tests__/settings-integration.test.ts[2m > [22m[2mSettings Screen Integration[2m > [22m[2mFeature Flag Events[2m > [22m[2mshould dispatch event when feature is toggled
[22m[39m[MVP Features] Reset to defaults

[90mstdout[2m | src/__tests__/settings-integration.test.ts[2m > [22m[2mSettings Screen Integration[2m > [22m[2mFeature Flag Events[2m > [22m[2mshould dispatch event when feature is set
[22m[39m[MVP Features] Feature set: sidebar-toggle = false

[90mstdout[2m | src/__tests__/settings-integration.test.ts[2m > [22m[2mSettings Screen Integration[2m > [22m[2mFeature Flag Events[2m > [22m[2mshould dispatch event when feature is set
[22m[39m[MVP Features] Reset to defaults

[90mstdout[2m | src/__tests__/settings-integration.test.ts[2m > [22m[2mSettings Screen Integration[2m > [22m[2mFeature Flag Events[2m > [22m[2mshould dispatch event when features are reset
[22m[39m[MVP Features] Feature toggled: tab-hibernation = false
[MVP Features] Feature toggled: low-ram-mode = false
[MVP Features] Reset to defaults

[90mstdout[2m | src/__tests__/settings-integration.test.ts[2m > [22m[2mSettings Screen Integration[2m > [22m[2mFeature Flag Events[2m > [22m[2mshould dispatch event when features are reset
[22m[39m[MVP Features] Reset to defaults

[90mstdout[2m | src/__tests__/settings-integration.test.ts[2m > [22m[2mSettings Screen Integration[2m > [22m[2mFeature Categories[2m > [22m[2mshould have correct number of performance features
[22m[39m[MVP Features] Reset to defaults

[90mstdout[2m | src/__tests__/settings-integration.test.ts[2m > [22m[2mSettings Screen Integration[2m > [22m[2mFeature Categories[2m > [22m[2mshould have correct number of UI features
[22m[39m[MVP Features] Reset to defaults

[90mstdout[2m | src/__tests__/settings-integration.test.ts[2m > [22m[2mSettings Screen Integration[2m > [22m[2mFeature Categories[2m > [22m[2mshould have correct feature IDs
[22m[39m[MVP Features] Reset to defaults

[90mstdout[2m | src/__tests__/settings-integration.test.ts[2m > [22m[2mSettings Screen Integration[2m > [22m[2mReset to Defaults[2m > [22m[2mshould reset all features to enabled state
[22m[39m[MVP Features] Feature toggled: tab-hibernation = false
[MVP Features] Feature toggled: low-ram-mode = false
[MVP Features] Feature toggled: sidebar-toggle = false
[MVP Features] Reset to defaults

[90mstdout[2m | src/__tests__/settings-integration.test.ts[2m > [22m[2mSettings Screen Integration[2m > [22m[2mReset to Defaults[2m > [22m[2mshould reset all features to enabled state
[22m[39m[MVP Features] Reset to defaults

[90mstdout[2m | src/__tests__/settings-integration.test.ts[2m > [22m[2mSettings Screen Integration[2m > [22m[2mReset to Defaults[2m > [22m[2mshould clear localStorage on reset
[22m[39m[MVP Features] Feature toggled: tab-hibernation = false
[MVP Features] Reset to defaults

[90mstdout[2m | src/__tests__/settings-integration.test.ts[2m > [22m[2mSettings Screen Integration[2m > [22m[2mReset to Defaults[2m > [22m[2mshould clear localStorage on reset
[22m[39m[MVP Features] Reset to defaults

[90mstdout[2m | src/__tests__/settings-integration.test.ts[2m > [22m[2mSettings Screen Integration[2m > [22m[2mEdge Cases[2m > [22m[2mshould handle invalid feature ID gracefully
[22m[39m[MVP Features] Reset to defaults

[90mstdout[2m | src/__tests__/settings-integration.test.ts[2m > [22m[2mSettings Screen Integration[2m > [22m[2mEdge Cases[2m > [22m[2mshould handle rapid toggles without state corruption
[22m[39m[MVP Features] Feature toggled: tab-hibernation = false
[MVP Features] Feature toggled: tab-hibernation = true
[MVP Features] Feature toggled: tab-hibernation = false
[MVP Features] Feature toggled: tab-hibernation = true
[MVP Features] Feature toggled: tab-hibernation = false
[MVP Features] Feature toggled: tab-hibernation = true
[MVP Features] Feature toggled: tab-hibernation = false
[MVP Features] Feature toggled: tab-hibernation = true
[MVP Features] Feature toggled: tab-hibernation = false
[MVP Features] Feature toggled: tab-hibernation = true
[MVP Features] Feature toggled: tab-hibernation = false
[MVP Features] Feature toggled: tab-hibernation = true
[MVP Features] Feature toggled: tab-hibernation = false
[MVP Features] Feature toggled: tab-hibernation = true
[MVP Features] Feature toggled: tab-hibernation = false
[MVP Features] Feature toggled: tab-hibernation = true
[MVP Features] Feature toggled: tab-hibernation = false
[MVP Features] Feature toggled: tab-hibernation = true
[MVP Features] Feature toggled: tab-hibernation = false
[MVP Features] Feature toggled: tab-hibernation = true
[MVP Features] Feature toggled: tab-hibernation = false
[MVP Features] Feature toggled: tab-hibernation = true
[MVP Features] Feature toggled: tab-hibernation = false
[MVP Features] Feature toggled: tab-hibernation = true
[MVP Features] Feature toggled: tab-hibernation = false
[MVP Features] Feature toggled: tab-hibernation = true
[MVP Features] Feature toggled: tab-hibernation = false
[MVP Features] Feature toggled: tab-hibernation = true
[MVP Features] Feature toggled: tab-hibernation = false
[MVP Features] Feature toggled: tab-hibernation = true
[MVP Features] Feature toggled: tab-hibernation = false
[MVP Features] Feature toggled: tab-hibernation = true
[MVP Features] Feature toggled: tab-hibernation = false
[MVP Features] Feature toggled: tab-hibernation = true
[MVP Features] Feature toggled: tab-hibernation = false
[MVP Features] Feature toggled: tab-hibernation = true
[MVP Features] Feature toggled: tab-hibernation = false
[MVP Features] Feature toggled: tab-hibernation = true
[MVP Features] Feature toggled: tab-hibernation = false
[MVP Features] Feature toggled: tab-hibernation = true
[MVP Features] Feature toggled: tab-hibernation = false
[MVP Features] Feature toggled: tab-hibernation = true
[MVP Features] Feature toggled: tab-hibernation = false
[MVP Features] Feature toggled: tab-hibernation = true
[MVP Features] Feature toggled: tab-hibernation = false
[MVP Features] Feature toggled: tab-hibernation = true
[MVP Features] Feature toggled: tab-hibernation = false
[MVP Features] Feature toggled: tab-hibernation = true
[MVP Features] Feature toggled: tab-hibernation = false
[MVP Features] Feature toggled: tab-hibernation = true
[MVP Features] Feature toggled: tab-hibernation = false
[MVP Features] Feature toggled: tab-hibernation = true
[MVP Features] Feature toggled: tab-hibernation = false
[MVP Features] Feature toggled: tab-hibernation = true
[MVP Features] Feature toggled: tab-hibernation = false
[MVP Features] Feature toggled: tab-hibernation = true
[MVP Features] Feature toggled: tab-hibernation = false
[MVP Features] Feature toggled: tab-hibernation = true
[MVP Features] Feature toggled: tab-hibernation = false
[MVP Features] Feature toggled: tab-hibernation = true
[MVP Features] Feature toggled: tab-hibernation = false
[MVP Features] Feature toggled: tab-hibernation = true
[MVP Features] Feature toggled: tab-hibernation = false
[MVP Features] Feature toggled: tab-hibernation = true
[MVP Features] Feature toggled: tab-hibernation = false
[MVP Features] Feature toggled: tab-hibernation = true
[MVP Features] Feature toggled: tab-hibernation = false
[MVP Features] Feature toggled: tab-hibernation = true
[MVP Features] Feature toggled: tab-hibernation = false
[MVP Features] Feature toggled: tab-hibernation = true
[MVP Features] Feature toggled: tab-hibernation = false
[MVP Features] Feature toggled: tab-hibernation = true
[MVP Features] Feature toggled: tab-hibernation = false
[MVP Features] Feature toggled: tab-hibernation = true
[MVP Features] Feature toggled: tab-hibernation = false
[MVP Features] Feature toggled: tab-hibernation = true
[MVP Features] Feature toggled: tab-hibernation = false
[MVP Features] Feature toggled: tab-hibernation = true
[MVP Features] Feature toggled: tab-hibernation = false
[MVP Features] Feature toggled: tab-hibernation = true
[MVP Features] Feature toggled: tab-hibernation = false
[MVP Features] Feature toggled: tab-hibernation = true
[MVP Features] Feature toggled: tab-hibernation = false
[MVP Features] Feature toggled: tab-hibernation = true
[MVP Features] Feature toggled: tab-hibernation = false
[MVP Features] Feature toggled: tab-hibernation = true
[MVP Features] Feature toggled: tab-hibernation = false
[MVP Features] Feature toggled: tab-hibernation = true
[MVP Features] Feature toggled: tab-hibernation = false
[MVP Features] Feature toggled: tab-hibernation = true
[MVP Features] Feature toggled: tab-hibernation = false
[MVP Features] Feature toggled: tab-hibernation = true
[MVP Features] Feature toggled: tab-hibernation = false
[MVP Features] Feature toggled: tab-hibernation = true
[MVP Features] Feature toggled: tab-hibernation = false
[MVP Features] Feature toggled: tab-hibernation = true
[MVP Features] Feature toggled: tab-hibernation = false
[MVP Features] Feature toggled: tab-hibernation = true
[MVP Features] Feature toggled: tab-hibernation = false
[MVP Features] Feature toggled: tab-hibernation = true

[90mstdout[2m | src/__tests__/settings-integration.test.ts[2m > [22m[2mSettings Screen Integration[2m > [22m[2mEdge Cases[2m > [22m[2mshould handle rapid toggles without state corruption
[22m[39m[MVP Features] Reset to defaults

[90mstdout[2m | src/__tests__/settings-integration.test.ts[2m > [22m[2mSettings Screen Integration[2m > [22m[2mEdge Cases[2m > [22m[2mshould handle setMVPFeatureEnabled idempotency
[22m[39m[MVP Features] Feature set: sidebar-toggle = false
[MVP Features] Feature set: sidebar-toggle = true

[90mstdout[2m | src/__tests__/settings-integration.test.ts[2m > [22m[2mSettings Screen Integration[2m > [22m[2mEdge Cases[2m > [22m[2mshould handle setMVPFeatureEnabled idempotency
[22m[39m[MVP Features] Reset to defaults

[90mstdout[2m | src/__tests__/settings-integration.test.ts[2m > [22m[2mSettings Screen Integration[2m > [22m[2mFeature Metadata[2m > [22m[2mshould have tab hibernation timeout configured
[22m[39m[MVP Features] Reset to defaults

[90mstdout[2m | src/__tests__/settings-integration.test.ts[2m > [22m[2mSettings Screen Integration[2m > [22m[2mFeature Metadata[2m > [22m[2mshould have descriptions for all features
[22m[39m[MVP Features] Reset to defaults

[90mstdout[2m | src/__tests__/settings-integration.test.ts[2m > [22m[2mSettings Screen Integration[2m > [22m[2mFeature Metadata[2m > [22m[2mshould have names for all features
[22m[39m[MVP Features] Reset to defaults

 [32mΓ£ô[39m src/__tests__/settings-integration.test.ts [2m([22m[2m24 tests[22m[2m)[22m[32m 68[2mms[22m[39m
[90mstderr[2m | services/mailAgent/__tests__/mailAgent.e2e.test.ts[2m > [22m[2mMail Agent E2E Tests
[22m[39mSkipping Mail Agent E2E tests: Missing credentials

[90mstdout[2m | services/mailAgent/__tests__/mailAgent.e2e.test.ts[2m > [22m[2mMail Agent E2E Tests[2m > [22m[2mshould classify user intents correctly
[22m[39m[AgentPlanner] Created plan plan-1766134333391: read_emails
[AgentPlanner] Created plan plan-1766134333393: read_emails -> summarize
[AgentPlanner] Created plan plan-1766134333394: read_emails -> summarize -> draft_reply
[AgentPlanner] Created plan plan-1766134333394: read_emails -> summarize -> draft_reply -> send_draft

[90mstdout[2m | services/mailAgent/__tests__/mailAgent.e2e.test.ts[2m > [22m[2mMail Agent E2E Tests[2m > [22m[2mshould create valid execution plans
[22m[39m[AgentPlanner] Created plan plan-1766134333396: read_emails -> summarize

[90mstdout[2m | services/mailAgent/__tests__/mailAgent.e2e.test.ts[2m > [22m[2mMail Agent E2E Tests[2m > [22m[2mshould log all agent actions to audit trail
[22m[39m[AuditLogger] Logged: read_emails for user test-user@example.com

[90mstdout[2m | services/mailAgent/__tests__/mailAgent.e2e.test.ts[2m > [22m[2mMail Agent E2E Tests[2m > [22m[2mshould log all agent actions to audit trail
[22m[39m[AuditLogger] Logged: summarize for user test-user@example.com

[90mstdout[2m | services/mailAgent/__tests__/mailAgent.e2e.test.ts[2m > [22m[2mMail Agent E2E Tests[2m > [22m[2mshould require approval for high-risk tasks
[22m[39m[AgentPlanner] Created plan plan-1766134333401: read_emails -> summarize -> draft_reply -> send_draft

[90mstderr[2m | src/services/session.test.ts[2m > [22m[2mSession Service[2m > 
[22m[2mloadSession[2m > [22m[2mshould return null for invalid session data
[22m[39m[Session] Failed to load session: SyntaxError: Unexpected token 'i', "invalid json" is not 
valid JSON
    at JSON.parse (<anonymous>)
    at loadSession (C:/Users/Nrb/Omnibrowser/src/services/session.ts:44:25)
    at C:/Users/Nrb/Omnibrowser/src/services/session.test.ts:105:22
    at 
[90mfile:///C:/Users/Nrb/Omnibrowser/[39mnode_modules/[4m@vitest[24m/runner/dist/index.js:145:11
    at 
[90mfile:///C:/Users/Nrb/Omnibrowser/[39mnode_modules/[4m@vitest[24m/runner/dist/index.js:919:26
    at 
[90mfile:///C:/Users/Nrb/Omnibrowser/[39mnode_modules/[4m@vitest[24m/runner/dist/index.js:1244:20
    at new Promise (<anonymous>)
    at runWithTimeout [90m(file:///C:/Users/Nrb/Omnibrowser/[39mnode_modules/[4m@vitest[24m/runner/di
st/index.js:1210:10[90m)[39m
    at 
[90mfile:///C:/Users/Nrb/Omnibrowser/[39mnode_modules/[4m@vitest[24m/runner/dist/index.js:1654:37
    at Traces.$ [90m(file:///C:/Users/Nrb/Omnibrowser/[39mnode_modules/[4mvitest[24m/dist/chunks/trac
es.U4xDYhzZ.js:115:27[90m)[39m

[90mstdout[2m | services/mailAgent/__tests__/mailAgent.e2e.test.ts[2m > [22m[2mMail Agent E2E Tests[2m > [22m[2mshould track execution context correctly
[22m[39m[AgentPlanner] Created plan plan-1766134333403: read_emails -> summarize

[90mstdout[2m | services/mailAgent/__tests__/mailAgent.e2e.test.ts[2m > [22m[2mMail Agent E2E Tests[2m > [22m[2mshould handle execution errors gracefully
[22m[39m[AgentPlanner] Created plan plan-1766134333405: read_emails

 [32mΓ£ô[39m src/services/session.test.ts [2m([22m[2m9 tests[22m[2m)[22m[32m 28[2mms[22m[39m
[90mstdout[2m | services/mailAgent/__tests__/mailAgent.e2e.test.ts[2m > [22m[2mMail Agent Performance[2m > [22m[2mshould create plans in < 100ms
[22m[39m[AgentPlanner] Created plan plan-1766134333421: read_emails -> summarize
Plan creation took 0.15ms

[90mstdout[2m | services/mailAgent/__tests__/mailAgent.e2e.test.ts[2m > [22m[2mMail Agent Performance[2m > [22m[2mshould handle 100 consecutive plan creations
[22m[39m[AgentPlanner] Created plan plan-1766134333422: read_emails
[AgentPlanner] Created plan plan-1766134333422: read_emails
[AgentPlanner] Created plan plan-1766134333422: read_emails
[AgentPlanner] Created plan plan-1766134333422: read_emails
[AgentPlanner] Created plan plan-1766134333422: read_emails
[AgentPlanner] Created plan plan-1766134333422: read_emails
[AgentPlanner] Created plan plan-1766134333422: read_emails
[AgentPlanner] Created plan plan-1766134333422: read_emails
[AgentPlanner] Created plan plan-1766134333422: read_emails
[AgentPlanner] Created plan plan-1766134333422: read_emails
[AgentPlanner] Created plan plan-1766134333422: read_emails
[AgentPlanner] Created plan plan-1766134333422: read_emails
[AgentPlanner] Created plan plan-1766134333422: read_emails
[AgentPlanner] Created plan plan-1766134333422: read_emails
[AgentPlanner] Created plan plan-1766134333422: read_emails
[AgentPlanner] Created plan plan-1766134333422: read_emails
[AgentPlanner] Created plan plan-1766134333422: read_emails
[AgentPlanner] Created plan plan-1766134333422: read_emails
[AgentPlanner] Created plan plan-1766134333422: read_emails
[AgentPlanner] Created plan plan-1766134333422: read_emails
[AgentPlanner] Created plan plan-1766134333422: read_emails
[AgentPlanner] Created plan plan-1766134333422: read_emails
[AgentPlanner] Created plan plan-1766134333422: read_emails
[AgentPlanner] Created plan plan-1766134333422: read_emails
[AgentPlanner] Created plan plan-1766134333422: read_emails
[AgentPlanner] Created plan plan-1766134333422: read_emails
[AgentPlanner] Created plan plan-1766134333422: read_emails
[AgentPlanner] Created plan plan-1766134333422: read_emails
[AgentPlanner] Created plan plan-1766134333423: read_emails
[AgentPlanner] Created plan plan-1766134333423: read_emails
[AgentPlanner] Created plan plan-1766134333423: read_emails
[AgentPlanner] Created plan plan-1766134333423: read_emails
[AgentPlanner] Created plan plan-1766134333423: read_emails
[AgentPlanner] Created plan plan-1766134333423: read_emails
[AgentPlanner] Created plan plan-1766134333423: read_emails
[AgentPlanner] Created plan plan-1766134333423: read_emails
[AgentPlanner] Created plan plan-1766134333423: read_emails
[AgentPlanner] Created plan plan-1766134333423: read_emails
[AgentPlanner] Created plan plan-1766134333423: read_emails
[AgentPlanner] Created plan plan-1766134333423: read_emails
[AgentPlanner] Created plan plan-1766134333423: read_emails
[AgentPlanner] Created plan plan-1766134333423: read_emails
[AgentPlanner] Created plan plan-1766134333423: read_emails
[AgentPlanner] Created plan plan-1766134333423: read_emails
[AgentPlanner] Created plan plan-1766134333423: read_emails
[AgentPlanner] Created plan plan-1766134333423: read_emails
[AgentPlanner] Created plan plan-1766134333423: read_emails
[AgentPlanner] Created plan plan-1766134333423: read_emails
[AgentPlanner] Created plan plan-1766134333423: read_emails
[AgentPlanner] Created plan plan-1766134333423: read_emails
[AgentPlanner] Created plan plan-1766134333423: read_emails
[AgentPlanner] Created plan plan-1766134333423: read_emails
[AgentPlanner] Created plan plan-1766134333423: read_emails
[AgentPlanner] Created plan plan-1766134333423: read_emails
[AgentPlanner] Created plan plan-1766134333423: read_emails
[AgentPlanner] Created plan plan-1766134333423: read_emails
[AgentPlanner] Created plan plan-1766134333423: read_emails
[AgentPlanner] Created plan plan-1766134333423: read_emails
[AgentPlanner] Created plan plan-1766134333423: read_emails
[AgentPlanner] Created plan plan-1766134333423: read_emails
[AgentPlanner] Created plan plan-1766134333423: read_emails
[AgentPlanner] Created plan plan-1766134333423: read_emails
[AgentPlanner] Created plan plan-1766134333423: read_emails
[AgentPlanner] Created plan plan-1766134333423: read_emails
[AgentPlanner] Created plan plan-1766134333423: read_emails
[AgentPlanner] Created plan plan-1766134333423: read_emails
[AgentPlanner] Created plan plan-1766134333423: read_emails
[AgentPlanner] Created plan plan-1766134333423: read_emails
[AgentPlanner] Created plan plan-1766134333423: read_emails
[AgentPlanner] Created plan plan-1766134333423: read_emails
[AgentPlanner] Created plan plan-1766134333423: read_emails
[AgentPlanner] Created plan plan-1766134333423: read_emails
[AgentPlanner] Created plan plan-1766134333423: read_emails
[AgentPlanner] Created plan plan-1766134333423: read_emails
[AgentPlanner] Created plan plan-1766134333423: read_emails
[AgentPlanner] Created plan plan-1766134333423: read_emails
[AgentPlanner] Created plan plan-1766134333423: read_emails
[AgentPlanner] Created plan plan-1766134333423: read_emails
[AgentPlanner] Created plan plan-1766134333423: read_emails
[AgentPlanner] Created plan plan-1766134333423: read_emails
[AgentPlanner] Created plan plan-1766134333423: read_emails
[AgentPlanner] Created plan plan-1766134333423: read_emails
[AgentPlanner] Created plan plan-1766134333423: read_emails
[AgentPlanner] Created plan plan-1766134333423: read_emails
[AgentPlanner] Created plan plan-1766134333423: read_emails
[AgentPlanner] Created plan plan-1766134333423: read_emails
[AgentPlanner] Created plan plan-1766134333423: read_emails
[AgentPlanner] Created plan plan-1766134333423: read_emails
[AgentPlanner] Created plan plan-1766134333423: read_emails
[AgentPlanner] Created plan plan-1766134333423: read_emails
[AgentPlanner] Created plan plan-1766134333423: read_emails
[AgentPlanner] Created plan plan-1766134333423: read_emails
[AgentPlanner] Created plan plan-1766134333423: read_emails
[AgentPlanner] Created plan plan-1766134333423: read_emails
[AgentPlanner] Created plan plan-1766134333423: read_emails
[AgentPlanner] Created plan plan-1766134333423: read_emails
[AgentPlanner] Created plan plan-1766134333423: read_emails
[AgentPlanner] Created plan plan-1766134333423: read_emails
[AgentPlanner] Created plan plan-1766134333423: read_emails
[AgentPlanner] Created plan plan-1766134333423: read_emails
100 plans created in 1.52ms

[90mstdout[2m | services/mailAgent/__tests__/mailAgent.e2e.test.ts[2m > [22m[2mAudit Logger[2m > [22m[2mshould query logs by date range
[22m[39m[AuditLogger] Logged: test_action for user user-1

[90mstdout[2m | services/mailAgent/__tests__/mailAgent.e2e.test.ts[2m > [22m[2mAudit Logger[2m > [22m[2mshould track execution statistics
[22m[39m[AuditLogger] Logged: action1 for user stats-test-user

[90mstdout[2m | services/mailAgent/__tests__/mailAgent.e2e.test.ts[2m > [22m[2mAudit Logger[2m > [22m[2mshould track execution statistics
[22m[39m[AuditLogger] Logged: action2 for user stats-test-user

[90mstdout[2m | services/mailAgent/__tests__/mailAgent.e2e.test.ts[2m > [22m[2mAudit Logger[2m > [22m[2mshould track execution statistics
[22m[39m[AuditLogger] Logged: action3 for user stats-test-user

 [32mΓ£ô[39m services/mailAgent/__tests__/mailAgent.e2e.test.ts [2m([22m[2m12 tests[22m[2m | [22m[33m1 skipped[39m[2m)[22m[32m 43[2mms[22m[39m
 [32mΓ£ô[39m src/core/agent/__tests__/optimizer.test.ts [2m([22m[2m9 tests[22m[2m)[22m[32m 19[2mms[22m[39m
 [32mΓ£ô[39m apps/desktop/src/components/frontend-integration.test.ts [2m([22m[2m20 tests[22m[2m)[22m[32m 22[2mms[22m[39m
[90mstderr[2m | src/utils/__tests__/ipc-validator.test.ts[2m > [22m[2mIPC Validator[2m > 
[22m[2mvalidateCommandName[2m > [22m[2mshould reject dangerous commands
[22m[39m[IPC Validator] Blocked dangerous command: eval
[IPC Validator] Blocked dangerous command: exec
[IPC Validator] Blocked dangerous command: system
[IPC Validator] Blocked dangerous command: shell
[IPC Validator] Blocked dangerous command: research_eval

[90mstderr[2m | src/utils/__tests__/ipc-validator.test.ts[2m > [22m[2mIPC Validator[2m > 
[22m[2mvalidateCommandName[2m > [22m[2mshould reject invalid patterns
[22m[39m[IPC Validator] Invalid command name: command with spaces
[IPC Validator] Invalid command name: command<script>
[IPC Validator] Invalid command name: command|pipe

[90mstderr[2m | src/utils/__tests__/ipc-validator.test.ts[2m > [22m[2mIPC Validator[2m > 
[22m[2mvalidateIpcRequest[2m > [22m[2mshould reject invalid command names
[22m[39m[IPC Validator] Blocked dangerous command: eval

 [32mΓ£ô[39m src/utils/__tests__/ipc-validator.test.ts [2m([22m[2m16 tests[22m[2m)[22m[32m 26[2mms[22m[39m
 [32mΓ£ô[39m apps/desktop/src/components/e2e-validation.test.ts [2m([22m[2m24 tests[22m[2m)[22m[32m 20[2mms[22m[39m
[90mstdout[2m | src/core/agent/__tests__/executor.test.ts
[22m[39m[OMNI] [2025-12-19T08:52:16.667Z] [INFO] [AgentRegistry] Registered tool: scrapePage
[OMNI] [2025-12-19T08:52:16.669Z] [INFO] [AgentRegistry] Registered tool: summarizeText
[OMNI] [2025-12-19T08:52:16.669Z] [INFO] [AgentRegistry] Registered tool: searchWeb

[90mstdout[2m | src/core/agent/__tests__/executor.test.ts
[22m[39m[OMNI] [2025-12-19T08:52:16.674Z] [INFO] [ToolRegistryV2] Registered tool: scrape_page (research)
[OMNI] [2025-12-19T08:52:16.675Z] [INFO] [ToolRegistryV2] Registered tool: summarize_text (general)
[OMNI] [2025-12-19T08:52:16.675Z] [INFO] [ToolRegistryV2] Registered tool: search_web (research)
[OMNI] [2025-12-19T08:52:16.676Z] [INFO] [ToolRegistryV2] Registered tool: extract_table (docs)
[OMNI] [2025-12-19T08:52:16.676Z] [INFO] [ToolRegistryV2] Registered tool: manage_tabs (general)
[OMNI] [2025-12-19T08:52:16.677Z] [INFO] [ToolRegistryV2] Registered tool: manage_workspaces (general)

 [32mΓ£ô[39m src/__tests__/mvp-ui-controls.test.ts [2m([22m[2m46 tests[22m[2m)[22m[32m 20[2mms[22m[39m
[90mstdout[2m | src/core/agent/__tests__/executor.test.ts[2m > [22m[2magentExecutor audit logging[2m > [22m[2mrecords audit entries for allowed run
[22m[39m[OMNI] [2025-12-19T08:52:16.856Z] [INFO] [ToolRegistryV2] Registered tool: noop_test (general)
[OMNI] [2025-12-19T08:52:16.857Z] [INFO] [AgentGraph] Registered tool: scrape_page
[OMNI] [2025-12-19T08:52:16.857Z] [INFO] [AgentGraph] Registered tool: summarize_text
[OMNI] [2025-12-19T08:52:16.857Z] [INFO] [AgentGraph] Registered tool: search_web
[OMNI] [2025-12-19T08:52:16.857Z] [INFO] [AgentGraph] Registered tool: extract_table
[OMNI] [2025-12-19T08:52:16.857Z] [INFO] [AgentGraph] Registered tool: manage_tabs
[OMNI] [2025-12-19T08:52:16.857Z] [INFO] [AgentGraph] Registered tool: manage_workspaces
[OMNI] [2025-12-19T08:52:16.857Z] [INFO] [AgentGraph] Registered tool: noop_test
[OMNI] [2025-12-19T08:52:16.857Z] [INFO] [AgentExecutor] Registered 7 tools with safety guards
[OMNI] [2025-12-19T08:52:16.857Z] [INFO] [AgentGraph] Executing plan: plan-audit (1 nodes)

[90mstdout[2m | src/core/agent/__tests__/executor.test.ts[2m > [22m[2magentExecutor audit logging[2m > [22m[2mrecords audit entries for allowed run
[22m[39m[OMNI] [2025-12-19T08:52:16.860Z] [INFO] [AgentGraph] Node a completed in 2ms

[90mstdout[2m | src/core/agent/__tests__/executor.test.ts[2m > [22m[2magentExecutor audit logging[2m > [22m[2mrecords blocked audit when domain denied
[22m[39m[OMNI] [2025-12-19T08:52:16.865Z] [INFO] [AgentGraph] Executing plan: plan-block (1 nodes)

[90mstderr[2m | src/core/agent/__tests__/executor.test.ts[2m > [22m[2magentExecutor audit 
logging[2m > [22m[2mrecords blocked audit when domain denied
[22m[39m[OMNI] [2025-12-19T08:52:16.866Z] [WARN] [AgentGraph] Node b failed, retrying (1/3)

[90mstdout[2m | src/core/agent/__tests__/executor.test.ts
[22m[39m[TabsStore] Rehydrated { tabCount: [33m0[39m, activeId: [1mnull[22m }

 [32mΓ£ô[39m src/core/agent/__tests__/executor.test.ts [2m([22m[2m2 tests[22m[2m)[22m[32m 16[2mms[22m[39m
 [32mΓ£ô[39m src/core/agent/__tests__/workflow_recording.test.ts [2m([22m[2m5 tests[22m[2m)[22m[32m 17[2mms[22m[39m
[90mstdout[2m | src/core/agent/__tests__/graph.test.ts[2m > [22m[2mAgentTaskGraph[2m > [22m[2mrespects maxNodes and propagates safety context
[22m[39m[OMNI] [2025-12-19T08:52:16.922Z] [INFO] [AgentGraph] Registered tool: test_tool_09263ce0932df
[OMNI] [2025-12-19T08:52:16.924Z] [INFO] [AgentGraph] Executing plan: plan-test (1 nodes)

[90mstdout[2m | src/core/agent/__tests__/graph.test.ts[2m > [22m[2mAgentTaskGraph[2m > [22m[2mrespects maxNodes and propagates safety context
[22m[39m[OMNI] [2025-12-19T08:52:16.926Z] [INFO] [AgentGraph] Node a completed in 1ms

 [32mΓ£ô[39m src/core/agent/__tests__/graph.test.ts [2m([22m[2m1 test[22m[2m)[22m[32m 12[2mms[22m[39m
 [32mΓ£ô[39m server/routes/job-recovery.test.ts [2m([22m[2m10 tests[22m[2m)[22m[32m 16[2mms[22m[39m
 [32mΓ£ô[39m src/core/agent/__tests__/safety.test.ts [2m([22m[2m3 tests[22m[2m)[22m[32m 9[2mms[22m[39m
[90mstderr[2m | src/utils/layer3-network.test.ts[2m > [22m[2mLayer 3: OfflineRequestQueue[2m > 
[22m[2mshould remove request after max retries
[22m[39m[OfflineQueue] Failed to execute request: Error: Network error
    at C:/Users/Nrb/Omnibrowser/src/utils/layer3-network.test.ts:275:46
    at 
[90mfile:///C:/Users/Nrb/Omnibrowser/[39mnode_modules/[4m@vitest[24m/runner/dist/index.js:145:11
    at 
[90mfile:///C:/Users/Nrb/Omnibrowser/[39mnode_modules/[4m@vitest[24m/runner/dist/index.js:919:26
    at 
[90mfile:///C:/Users/Nrb/Omnibrowser/[39mnode_modules/[4m@vitest[24m/runner/dist/index.js:1244:20
    at new Promise (<anonymous>)
    at runWithTimeout [90m(file:///C:/Users/Nrb/Omnibrowser/[39mnode_modules/[4m@vitest[24m/runner/di
st/index.js:1210:10[90m)[39m
    at 
[90mfile:///C:/Users/Nrb/Omnibrowser/[39mnode_modules/[4m@vitest[24m/runner/dist/index.js:1654:37
    at Traces.$ [90m(file:///C:/Users/Nrb/Omnibrowser/[39mnode_modules/[4mvitest[24m/dist/chunks/trac
es.U4xDYhzZ.js:115:27[90m)[39m
    at trace [90m(file:///C:/Users/Nrb/Omnibrowser/[39mnode_modules/[4mvitest[24m/dist/chunks/test.Dq
QZzsWf.js:234:21[90m)[39m
    at runTest [90m(file:///C:/Users/Nrb/Omnibrowser/[39mnode_modules/[4m@vitest[24m/runner/dist/inde
x.js:1654:12[90m)[39m

[90mstderr[2m | src/utils/layer3-network.test.ts[2m > [22m[2mLayer 3: OfflineRequestQueue[2m > 
[22m[2mshould remove request after max retries
[22m[39m[OfflineQueue] Failed to execute request: Error: Network error
    at C:/Users/Nrb/Omnibrowser/src/utils/layer3-network.test.ts:275:46
    at 
[90mfile:///C:/Users/Nrb/Omnibrowser/[39mnode_modules/[4m@vitest[24m/runner/dist/index.js:145:11
    at 
[90mfile:///C:/Users/Nrb/Omnibrowser/[39mnode_modules/[4m@vitest[24m/runner/dist/index.js:919:26
    at 
[90mfile:///C:/Users/Nrb/Omnibrowser/[39mnode_modules/[4m@vitest[24m/runner/dist/index.js:1244:20
    at new Promise (<anonymous>)
    at runWithTimeout [90m(file:///C:/Users/Nrb/Omnibrowser/[39mnode_modules/[4m@vitest[24m/runner/di
st/index.js:1210:10[90m)[39m
    at 
[90mfile:///C:/Users/Nrb/Omnibrowser/[39mnode_modules/[4m@vitest[24m/runner/dist/index.js:1654:37
    at Traces.$ [90m(file:///C:/Users/Nrb/Omnibrowser/[39mnode_modules/[4mvitest[24m/dist/chunks/trac
es.U4xDYhzZ.js:115:27[90m)[39m
    at trace [90m(file:///C:/Users/Nrb/Omnibrowser/[39mnode_modules/[4mvitest[24m/dist/chunks/test.Dq
QZzsWf.js:234:21[90m)[39m
    at runTest [90m(file:///C:/Users/Nrb/Omnibrowser/[39mnode_modules/[4m@vitest[24m/runner/dist/inde
x.js:1654:12[90m)[39m

[90mstderr[2m | src/utils/layer3-network.test.ts[2m > [22m[2mLayer 3: OfflineRequestQueue[2m > 
[22m[2mshould remove request after max retries
[22m[39m[OfflineQueue] Failed to execute request: Error: Network error
    at C:/Users/Nrb/Omnibrowser/src/utils/layer3-network.test.ts:275:46
    at 
[90mfile:///C:/Users/Nrb/Omnibrowser/[39mnode_modules/[4m@vitest[24m/runner/dist/index.js:145:11
    at 
[90mfile:///C:/Users/Nrb/Omnibrowser/[39mnode_modules/[4m@vitest[24m/runner/dist/index.js:919:26
    at 
[90mfile:///C:/Users/Nrb/Omnibrowser/[39mnode_modules/[4m@vitest[24m/runner/dist/index.js:1244:20
    at new Promise (<anonymous>)
    at runWithTimeout [90m(file:///C:/Users/Nrb/Omnibrowser/[39mnode_modules/[4m@vitest[24m/runner/di
st/index.js:1210:10[90m)[39m
    at 
[90mfile:///C:/Users/Nrb/Omnibrowser/[39mnode_modules/[4m@vitest[24m/runner/dist/index.js:1654:37
    at Traces.$ [90m(file:///C:/Users/Nrb/Omnibrowser/[39mnode_modules/[4mvitest[24m/dist/chunks/trac
es.U4xDYhzZ.js:115:27[90m)[39m
    at trace [90m(file:///C:/Users/Nrb/Omnibrowser/[39mnode_modules/[4mvitest[24m/dist/chunks/test.Dq
QZzsWf.js:234:21[90m)[39m
    at runTest [90m(file:///C:/Users/Nrb/Omnibrowser/[39mnode_modules/[4m@vitest[24m/runner/dist/inde
x.js:1654:12[90m)[39m

[90mstderr[2m | src/utils/layer3-network.test.ts[2m > [22m[2mLayer 3: OfflineRequestQueue[2m > 
[22m[2mshould remove request after max retries
[22m[39m[OfflineQueue] Failed to execute request: Error: Network error
    at C:/Users/Nrb/Omnibrowser/src/utils/layer3-network.test.ts:275:46
    at 
[90mfile:///C:/Users/Nrb/Omnibrowser/[39mnode_modules/[4m@vitest[24m/runner/dist/index.js:145:11
    at 
[90mfile:///C:/Users/Nrb/Omnibrowser/[39mnode_modules/[4m@vitest[24m/runner/dist/index.js:919:26
    at 
[90mfile:///C:/Users/Nrb/Omnibrowser/[39mnode_modules/[4m@vitest[24m/runner/dist/index.js:1244:20
    at new Promise (<anonymous>)
    at runWithTimeout [90m(file:///C:/Users/Nrb/Omnibrowser/[39mnode_modules/[4m@vitest[24m/runner/di
st/index.js:1210:10[90m)[39m
    at 
[90mfile:///C:/Users/Nrb/Omnibrowser/[39mnode_modules/[4m@vitest[24m/runner/dist/index.js:1654:37
    at Traces.$ [90m(file:///C:/Users/Nrb/Omnibrowser/[39mnode_modules/[4mvitest[24m/dist/chunks/trac
es.U4xDYhzZ.js:115:27[90m)[39m
    at trace [90m(file:///C:/Users/Nrb/Omnibrowser/[39mnode_modules/[4mvitest[24m/dist/chunks/test.Dq
QZzsWf.js:234:21[90m)[39m
    at runTest [90m(file:///C:/Users/Nrb/Omnibrowser/[39mnode_modules/[4m@vitest[24m/runner/dist/inde
x.js:1654:12[90m)[39m

[90mstderr[2m | src/utils/layer3-network.test.ts[2m > [22m[2mLayer 3: OfflineRequestQueue[2m > 
[22m[2mshould remove request after max retries
[22m[39m[OfflineQueue] Failed to execute request: Error: Network error
    at C:/Users/Nrb/Omnibrowser/src/utils/layer3-network.test.ts:275:46
    at 
[90mfile:///C:/Users/Nrb/Omnibrowser/[39mnode_modules/[4m@vitest[24m/runner/dist/index.js:145:11
    at 
[90mfile:///C:/Users/Nrb/Omnibrowser/[39mnode_modules/[4m@vitest[24m/runner/dist/index.js:919:26
    at 
[90mfile:///C:/Users/Nrb/Omnibrowser/[39mnode_modules/[4m@vitest[24m/runner/dist/index.js:1244:20
    at new Promise (<anonymous>)
    at runWithTimeout [90m(file:///C:/Users/Nrb/Omnibrowser/[39mnode_modules/[4m@vitest[24m/runner/di
st/index.js:1210:10[90m)[39m
    at 
[90mfile:///C:/Users/Nrb/Omnibrowser/[39mnode_modules/[4m@vitest[24m/runner/dist/index.js:1654:37
    at Traces.$ [90m(file:///C:/Users/Nrb/Omnibrowser/[39mnode_modules/[4mvitest[24m/dist/chunks/trac
es.U4xDYhzZ.js:115:27[90m)[39m
    at trace [90m(file:///C:/Users/Nrb/Omnibrowser/[39mnode_modules/[4mvitest[24m/dist/chunks/test.Dq
QZzsWf.js:234:21[90m)[39m
    at runTest [90m(file:///C:/Users/Nrb/Omnibrowser/[39mnode_modules/[4m@vitest[24m/runner/dist/inde
x.js:1654:12[90m)[39m
[OfflineQueue] Max retries reached, discarding request: ogm79g

 [32mΓ£ô[39m src/utils/layer3-network.test.ts [2m([22m[2m28 tests[22m[2m)[22m[33m 11225[2mms[22m[39m
     [33m[2mΓ£ô[22m[39m should retry on network error [33m 2648[2mms[22m[39m
     [33m[2mΓ£ô[22m[39m should retry on 5xx errors [33m 3158[2mms[22m[39m
     [33m[2mΓ£ô[22m[39m should retry on 408 (Request Timeout) [33m 947[2mms[22m[39m
     [33m[2mΓ£ô[22m[39m should give up after max retries [33m 3219[2mms[22m[39m
     [33m[2mΓ£ô[22m[39m should use fetchWithRetry for network requests [33m 1056[2mms[22m[39m

[2m Test Files [22m [1m[32m20 passed[39m[22m[90m (20)[39m
[2m      Tests [22m [1m[32m313 passed[39m[22m[2m | [22m[33m1 skipped[39m[90m (314)[39m
[2m   Start at [22m 14:22:04
[2m   Duration [22m 15.94s[2m (transform 6.76s, setup 14.85s, import 6.74s, tests 12.26s, environment 43.55s)[22m

